Archive member included to satisfy reference by file (symbol)

..\pico-sdk\lib\tinyusb\src\device\library.a(usbd.o)
                              ..\pico-sdk\src\rp2_common\pico_stdio_usb\stdio_usb.o (tud_task)
..\pico-sdk\lib\tinyusb\src\device\library.a(usbd_control.o)
                              ..\pico-sdk\lib\tinyusb\src\device\library.a(usbd.o) (tud_control_status)
..\pico-sdk\lib\tinyusb\src\class\cdc\library.a(cdc_device.o)
                              ..\pico-sdk\src\rp2_common\pico_stdio_usb\stdio_usb.o (tud_cdc_n_connected)
..\pico-sdk\lib\tinyusb\src\library.a(tusb.o)
                              ..\pico-sdk\src\rp2_common\pico_stdio_usb\stdio_usb.o (tusb_init)
..\pico-sdk\lib\tinyusb\src\common\library.a(tusb_fifo.o)
                              ..\pico-sdk\lib\tinyusb\src\class\cdc\library.a(cdc_device.o) (tu_fifo_config)
..\src\Cpl\Io\Serial\Raspberry\RP2040\Stdio\library.a(Input.o)
                              ..\main.o (_ZN3Cpl2Io6Serial9Raspberry6RP20405Stdio5InputC1Ev)
..\src\Cpl\Io\Serial\Raspberry\RP2040\Stdio\library.a(Output.o)
                              ..\main.o (_ZN3Cpl2Io6Serial9Raspberry6RP20405Stdio6OutputC1Ev)
..\src\Cpl\Io\library.a(Input.o)
                              ..\src\Cpl\Io\Serial\Raspberry\RP2040\Stdio\library.a(Input.o) (_ZN3Cpl2Io5Input4readERc)
..\src\Cpl\Io\library.a(Output.o)
                              ..\src\Cpl\Io\Serial\Raspberry\RP2040\Stdio\library.a(Output.o) (_ZN3Cpl2Io6Output5writeEc)
..\src\Cpl\Io\Serial\Raspberry\RP2040\_0test\_hw_baremetal\library.a(test.o)
                              ..\main.o (_Z4testRN3Cpl2Io5InputERNS0_6OutputE)
..\src\Bsp\Raspberry\Pico\gcc\library.a(Api.o)
                              ..\main.o (Bsp_Api_initialize)
..\pico-sdk\src\common\pico_sync\library.a(critical_section.o)
                              ..\pico-sdk\lib\tinyusb\src\device\library.a(usbd.o) (critical_section_init)
..\pico-sdk\src\common\pico_sync\library.a(mutex.o)
                              ..\pico-sdk\src\rp2_common\pico_stdio_usb\stdio_usb.o (mutex_init)
..\pico-sdk\src\common\pico_sync\library.a(lock_core.o)
                              ..\pico-sdk\src\common\pico_sync\library.a(mutex.o) (lock_init)
..\pico-sdk\src\common\pico_time\library.a(time.o)
                              ..\pico-sdk\src\rp2_common\pico_stdio_usb\stdio_usb.o (alarm_pool_get_default)
..\pico-sdk\src\common\pico_util\library.a(pheap.o)
                              ..\pico-sdk\src\common\pico_time\library.a(time.o) (ph_create)
..\pico-sdk\src\rp2_common\hardware_gpio\library.a(gpio.o)
                              ..\src\Bsp\Raspberry\Pico\gcc\library.a(Api.o) (gpio_init)
..\pico-sdk\src\rp2_common\hardware_sync\library.a(sync.o)
                              ..\pico-sdk\src\common\pico_sync\library.a(mutex.o) (next_striped_spin_lock_num)
..\pico-sdk\src\rp2_common\hardware_irq\library.a(irq.o)
                              ..\pico-sdk\src\rp2_common\pico_stdio_usb\stdio_usb.o (irq_set_enabled)
..\pico-sdk\src\rp2_common\hardware_irq\library.a(irq_handler_chain.o)
                              ..\pico-sdk\src\rp2_common\hardware_irq\library.a(irq.o) (irq_handler_chain_slots)
..\pico-sdk\src\rp2_common\hardware_timer\library.a(timer.o)
                              ..\pico-sdk\src\common\pico_time\library.a(time.o) (hardware_alarm_claim)
..\pico-sdk\src\rp2_common\pico_runtime\library.a(runtime.o)
                              c:/compilers/gcc-arm-none-eabi/11.2_2022.02/bin/../lib/gcc/arm-none-eabi/11.2.1/thumb/v6-m/nofp/crt0.o (exit)
..\pico-sdk\src\rp2_common\hardware_clocks\library.a(clocks.o)
                              ..\pico-sdk\src\rp2_common\pico_runtime\library.a(runtime.o) (clocks_init)
..\pico-sdk\src\rp2_common\hardware_pll\library.a(pll.o)
                              ..\pico-sdk\src\rp2_common\hardware_clocks\library.a(clocks.o) (pll_init)
..\pico-sdk\src\rp2_common\hardware_watchdog\library.a(watchdog.o)
                              ..\pico-sdk\src\rp2_common\hardware_clocks\library.a(clocks.o) (watchdog_start_tick)
..\pico-sdk\src\rp2_common\hardware_xosc\library.a(xosc.o)
                              ..\pico-sdk\src\rp2_common\hardware_clocks\library.a(clocks.o) (xosc_init)
..\pico-sdk\src\rp2_common\pico_printf\library.a(printf.o)
                              ..\pico-sdk\src\rp2_common\pico_runtime\library.a(runtime.o) (weak_raw_printf)
..\pico-sdk\src\rp2_common\pico_bootrom\library.a(bootrom.o)
                              ..\pico-sdk\src\rp2_common\pico_stdio_usb\reset_interface.o (rom_func_lookup)
..\pico-sdk\src\rp2_common\pico_divider\library.a(divider.o)
                              ..\pico-sdk\src\rp2_common\pico_printf\library.a(printf.o) (__wrap___aeabi_idiv)
..\pico-sdk\src\rp2_common\pico_double\library.a(double_aeabi.o)
                              ..\pico-sdk\src\rp2_common\pico_printf\library.a(printf.o) (__wrap___aeabi_dsub)
..\pico-sdk\src\rp2_common\pico_double\library.a(double_init_rom.o)
[...]
Memory Configuration

Name             Origin             Length             Attributes
FLASH            0x10000000         0x00200000         xr
RAM              0x20000000         0x00040000         xrw
SCRATCH_X        0x20040000         0x00001000         xrw
SCRATCH_Y        0x20041000         0x00001000         xrw
*default*        0x00000000         0xffffffff

Linker script and memory map

LOAD c:/compilers/gcc-arm-none-eabi/11.2_2022.02/bin/../lib/gcc/arm-none-eabi/11.2.1/thumb/v6-m/nofp/crti.o
LOAD c:/compilers/gcc-arm-none-eabi/11.2_2022.02/bin/../lib/gcc/arm-none-eabi/11.2.1/thumb/v6-m/nofp/crtbegin.o
LOAD c:/compilers/gcc-arm-none-eabi/11.2_2022.02/bin/../lib/gcc/arm-none-eabi/11.2.1/thumb/v6-m/nofp/crt0.o
LOAD ..\pico-sdk\src\rp2_common\pico_stdio_usb\reset_interface.o
LOAD ..\pico-sdk\src\rp2_common\pico_stdio_usb\stdio_usb.o
LOAD ..\pico-sdk\src\rp2_common\pico_stdio_usb\stdio_usb_descriptors.o
LOAD ..\pico-sdk\src\rp2_common\pico_standard_link\binary_info.o
LOAD ..\pico-sdk\src\rp2_common\pico_standard_link\crt0.o
LOAD ..\pico-sdk\src\rp2_common\pico_standard_link\new_delete.o
LOAD ..\main.o

.flash_begin    0x10000000        0x0
                0x10000000                __flash_binary_start = .

.boot2          0x10000000      0x100
                0x10000000                __boot2_start__ = .
 *(.boot2)
 .boot2         0x10000000      0x100 C:\Users\johnt\AppData\Local\Temp\ccmp9kRk.o
                0x10000100                __boot2_end__ = .
                0x00000001                ASSERT (((__boot2_end__ - __boot2_start__) == 0x100), ERROR: Pico second stage bootloader must be 256 bytes in size)

.text           0x10000100     0x7678
                0x10000100                __logical_binary_start = .
 *(.vectors)
 .vectors       0x10000100       0xd4 ..\pico-sdk\src\rp2_common\pico_standard_link\crt0.o
                0x10000100                __VECTOR_TABLE
                0x10000100                __vectors
                0x100001c0                isr_invalid
                0x100001c0                __default_isrs_start
                0x100001c2                isr_nmi
                0x100001c4                isr_hardfault
                0x100001c6                isr_svcall
                0x100001c8                isr_pendsv
                0x100001ca                isr_systick
                0x100001cc                isr_irq23
                0x100001cc                isr_irq18
                0x100001cc                isr_irq11
                0x100001cc                isr_irq28
                0x100001cc                isr_irq19
                0x100001cc                isr_irq0
                0x100001cc                isr_irq6
                0x100001cc                isr_irq5
                0x100001cc                isr_irq12
                0x100001cc                isr_irq22
                0x100001cc                isr_irq31
                0x100001cc                isr_irq17
                0x100001cc                isr_irq27
                0x100001cc                isr_irq30
                0x100001cc                isr_irq2
                0x100001cc                isr_irq10
                0x100001cc                isr_irq8
                0x100001cc                isr_irq24
                0x100001cc                isr_irq1
                0x100001cc                isr_irq7
                0x100001cc                isr_irq21
                0x100001cc                isr_irq20
                0x100001cc                isr_irq15
                0x100001cc                isr_irq25
                0x100001cc                isr_irq13
                0x100001cc                __unhandled_user_irq
                0x100001cc                isr_irq4
                0x100001cc                isr_irq16
                0x100001cc                isr_irq29
                0x100001cc                isr_irq26
                0x100001cc                __default_isrs_end
                0x100001cc                isr_irq3
                0x100001cc                isr_irq14
                0x100001cc                isr_irq9
                0x100001d2                unhandled_user_irq_num_in_r0
 *(.binary_info_header)
 .binary_info_header
                0x100001d4       0x14 ..\pico-sdk\src\rp2_common\pico_standard_link\crt0.o
                0x100001e8                __binary_info_header_end = .
 *(.reset)
 .reset         0x100001e8       0x30 ..\pico-sdk\src\rp2_common\pico_standard_link\binary_info.o
 .reset         0x10000218       0xa8 ..\pico-sdk\src\rp2_common\pico_standard_link\crt0.o
                0x10000218                _entry_point
                0x10000296                __get_current_exception
 *(.init)
 .init          0x100002c0        0x4 c:/compilers/gcc-arm-none-eabi/11.2_2022.02/bin/../lib/gcc/arm-none-eabi/11.2.1/thumb/v6-m/nofp/crti.o
                0x100002c0                _init
 *(EXCLUDE_FILE(*libm.a: *libc.a:*lib_a-mem*.o *libgcc.a:) .text*)
 .text.register_tm_clones
                0x100002c4       0x28 c:/compilers/gcc-arm-none-eabi/11.2_2022.02/bin/../lib/gcc/arm-none-eabi/11.2.1/thumb/v6-m/nofp/crtbegin.o
 .text.frame_dummy
                0x100002ec       0x24 c:/compilers/gcc-arm-none-eabi/11.2_2022.02/bin/../lib/gcc/arm-none-eabi/11.2.1/thumb/v6-m/nofp/crtbegin.o
 .text.resetd_init
                0x10000310        0x4 ..\pico-sdk\src\rp2_common\pico_stdio_usb\reset_interface.o
 .text.resetd_reset
                0x10000314        0xc ..\pico-sdk\src\rp2_common\pico_stdio_usb\reset_interface.o
 .text.resetd_open
                0x10000320       0x28 ..\pico-sdk\src\rp2_common\pico_stdio_usb\reset_interface.o
 .text.resetd_xfer_cb
                0x10000348        0x4 ..\pico-sdk\src\rp2_common\pico_stdio_usb\reset_interface.o
 .text.resetd_control_xfer_cb
                0x1000034c       0x64 ..\pico-sdk\src\rp2_common\pico_stdio_usb\reset_interface.o
 .text.usbd_app_driver_get_cb
                0x100003b0        0xc ..\pico-sdk\src\rp2_common\pico_stdio_usb\reset_interface.o
                0x100003b0                usbd_app_driver_get_cb
 .text.tud_cdc_line_coding_cb
                0x100003bc       0x34 ..\pico-sdk\src\rp2_common\pico_stdio_usb\reset_interface.o
                0x100003bc                tud_cdc_line_coding_cb
 .text.stdio_usb_in_chars
                0x100003f0       0x68 ..\pico-sdk\src\rp2_common\pico_stdio_usb\stdio_usb.o
                0x100003f0                stdio_usb_in_chars
 .text.stdio_usb_out_chars
                0x10000458       0xe8 ..\pico-sdk\src\rp2_common\pico_stdio_usb\stdio_usb.o
 .text.timer_task
                0x10000540       0x18 ..\pico-sdk\src\rp2_common\pico_stdio_usb\stdio_usb.o
 .text.usb_irq  0x10000558       0x10 ..\pico-sdk\src\rp2_common\pico_stdio_usb\stdio_usb.o
 .text.low_priority_worker_irq
                0x10000568       0x24 ..\pico-sdk\src\rp2_common\pico_stdio_usb\stdio_usb.o
 .text.stdio_usb_init
                0x1000058c       0xb0 ..\pico-sdk\src\rp2_common\pico_stdio_usb\stdio_usb.o
                0x1000058c                stdio_usb_init
 .text.tud_descriptor_device_cb
                0x1000063c        0x8 ..\pico-sdk\src\rp2_common\pico_stdio_usb\stdio_usb_descriptors.o
                0x1000063c                tud_descriptor_device_cb
 .text.tud_descriptor_configuration_cb
                0x10000644        0x8 ..\pico-sdk\src\rp2_common\pico_stdio_usb\stdio_usb_descriptors.o
                0x10000644                tud_descriptor_configuration_cb
 .text.tud_descriptor_string_cb
                0x1000064c       0x74 ..\pico-sdk\src\rp2_common\pico_stdio_usb\stdio_usb_descriptors.o
                0x1000064c                tud_descriptor_string_cb
 .text._ZdlPv   0x100006c0        0x8 ..\pico-sdk\src\rp2_common\pico_standard_link\new_delete.o
                0x100006c0                _ZdlPv
 .text.startup.main
                0x100006c8       0x18 ..\main.o
                0x100006c8                main
 .text._Z13elapsedTimeMsv
                0x100006e0       0x20 ..\main.o
                0x100006e0                _Z13elapsedTimeMsv
 .text.startup._GLOBAL__sub_I_main
                0x10000700       0x24 ..\main.o
 .text.tud_mounted
                0x10000724       0x10 ..\pico-sdk\lib\tinyusb\src\device\library.a(usbd.o)
                0x10000724                tud_mounted
 .text.tud_suspended
                0x10000734       0x10 ..\pico-sdk\lib\tinyusb\src\device\library.a(usbd.o)
                0x10000734                tud_suspended
 .text.tud_inited
                0x10000744        0xc ..\pico-sdk\lib\tinyusb\src\device\library.a(usbd.o)
                0x10000744                tud_inited
 .text.tud_init
                0x10000750       0xd8 ..\pico-sdk\lib\tinyusb\src\device\library.a(usbd.o)
                0x10000750                tud_init
 .text.tud_task
                0x10000828      0x93c ..\pico-sdk\lib\tinyusb\src\device\library.a(usbd.o)
                0x10000828                tud_task
 .text.dcd_event_bus_signal
                0x10001164      0x120 ..\pico-sdk\lib\tinyusb\src\device\library.a(usbd.o)
                0x10001164                dcd_event_bus_signal
 .text.dcd_event_bus_reset
                0x10001284       0x54 ..\pico-sdk\lib\tinyusb\src\device\library.a(usbd.o)
                0x10001284                dcd_event_bus_reset
 .text.dcd_event_setup_received
                0x100012d8       0x50 ..\pico-sdk\lib\tinyusb\src\device\library.a(usbd.o)
                0x100012d8                dcd_event_setup_received
 .text.dcd_event_xfer_complete
                0x10001328       0x68 ..\pico-sdk\lib\tinyusb\src\device\library.a(usbd.o)
                0x10001328                dcd_event_xfer_complete
 .text.usbd_open_edpt_pair
                0x10001390       0x80 ..\pico-sdk\lib\tinyusb\src\device\library.a(usbd.o)
                0x10001390                usbd_open_edpt_pair
 .text.usbd_edpt_open
                0x10001410       0x30 ..\pico-sdk\lib\tinyusb\src\device\library.a(usbd.o)
                0x10001410                usbd_edpt_open
 .text.usbd_edpt_claim
                0x10001440       0x64 ..\pico-sdk\lib\tinyusb\src\device\library.a(usbd.o)
                0x10001440                usbd_edpt_claim
 .text.usbd_edpt_release
                0x100014a4       0x4c ..\pico-sdk\lib\tinyusb\src\device\library.a(usbd.o)
                0x100014a4                usbd_edpt_release
 .text.usbd_edpt_xfer
                0x100014f0       0x48 ..\pico-sdk\lib\tinyusb\src\device\library.a(usbd.o)
                0x100014f0                usbd_edpt_xfer
 .text.tud_control_status
                0x10001538       0x2c ..\pico-sdk\lib\tinyusb\src\device\library.a(usbd_control.o)
                0x10001538                tud_control_status
 .text.tud_control_xfer
                0x10001564       0xac ..\pico-sdk\lib\tinyusb\src\device\library.a(usbd_control.o)
                0x10001564                tud_control_xfer
 .text.usbd_control_reset
                0x10001610       0x14 ..\pico-sdk\lib\tinyusb\src\device\library.a(usbd_control.o)
                0x10001610                usbd_control_reset
 .text.usbd_control_set_complete_callback
                0x10001624        0xc ..\pico-sdk\lib\tinyusb\src\device\library.a(usbd_control.o)
                0x10001624                usbd_control_set_complete_callback
 .text.usbd_control_set_request
                0x10001630       0x1c ..\pico-sdk\lib\tinyusb\src\device\library.a(usbd_control.o)
                0x10001630                usbd_control_set_request
 .text.usbd_control_xfer_cb
                0x1000164c       0xf4 ..\pico-sdk\lib\tinyusb\src\device\library.a(usbd_control.o)
                0x1000164c                usbd_control_xfer_cb
 .text.tud_cdc_n_connected
                0x10001740       0x30 ..\pico-sdk\lib\tinyusb\src\class\cdc\library.a(cdc_device.o)
                0x10001740                tud_cdc_n_connected
 .text.tud_cdc_n_available
                0x10001770       0x18 ..\pico-sdk\lib\tinyusb\src\class\cdc\library.a(cdc_device.o)
                0x10001770                tud_cdc_n_available
 .text.tud_cdc_n_read
                0x10001788       0x70 ..\pico-sdk\lib\tinyusb\src\class\cdc\library.a(cdc_device.o)
                0x10001788                tud_cdc_n_read
 .text.tud_cdc_n_write_flush
                0x100017f8       0x78 ..\pico-sdk\lib\tinyusb\src\class\cdc\library.a(cdc_device.o)
                0x100017f8                tud_cdc_n_write_flush
 .text.tud_cdc_n_write
                0x10001870       0x34 ..\pico-sdk\lib\tinyusb\src\class\cdc\library.a(cdc_device.o)
                0x10001870                tud_cdc_n_write
 .text.tud_cdc_n_write_available
                0x100018a4       0x18 ..\pico-sdk\lib\tinyusb\src\class\cdc\library.a(cdc_device.o)
                0x100018a4                tud_cdc_n_write_available
 .text.cdcd_init
                0x100018bc       0x7c ..\pico-sdk\lib\tinyusb\src\class\cdc\library.a(cdc_device.o)
                0x100018bc                cdcd_init
 .text.cdcd_reset
                0x10001938       0x2c ..\pico-sdk\lib\tinyusb\src\class\cdc\library.a(cdc_device.o)
                0x10001938                cdcd_reset
 .text.cdcd_open
                0x10001964       0xe4 ..\pico-sdk\lib\tinyusb\src\class\cdc\library.a(cdc_device.o)
                0x10001964                cdcd_open
 .text.cdcd_control_xfer_cb
                0x10001a48       0xe4 ..\pico-sdk\lib\tinyusb\src\class\cdc\library.a(cdc_device.o)
                0x10001a48                cdcd_control_xfer_cb
 .text.cdcd_xfer_cb
                0x10001b2c      0x148 ..\pico-sdk\lib\tinyusb\src\class\cdc\library.a(cdc_device.o)
                0x10001b2c                cdcd_xfer_cb
 .text.tusb_init
                0x10001c74        0xc ..\pico-sdk\lib\tinyusb\src\library.a(tusb.o)
                0x10001c74                tusb_init
 .text.tusb_inited
                0x10001c80        0x8 ..\pico-sdk\lib\tinyusb\src\library.a(tusb.o)
                0x10001c80                tusb_inited
 .text.tu_edpt_validate
                0x10001c88       0x78 ..\pico-sdk\lib\tinyusb\src\library.a(tusb.o)
                0x10001c88                tu_edpt_validate
 .text.tu_edpt_bind_driver
                0x10001d00       0x2c ..\pico-sdk\lib\tinyusb\src\library.a(tusb.o)
                0x10001d00                tu_edpt_bind_driver
 .text.tu_fifo_config
                0x10001d2c       0x78 ..\pico-sdk\lib\tinyusb\src\common\library.a(tusb_fifo.o)
                0x10001d2c                tu_fifo_config
 .text.tu_fifo_count
                0x10001da4       0x20 ..\pico-sdk\lib\tinyusb\src\common\library.a(tusb_fifo.o)
                0x10001da4                tu_fifo_count
 .text.tu_fifo_empty
                0x10001dc4       0x10 ..\pico-sdk\lib\tinyusb\src\common\library.a(tusb_fifo.o)
                0x10001dc4                tu_fifo_empty
 .text.tu_fifo_remaining
                0x10001dd4       0x1c ..\pico-sdk\lib\tinyusb\src\common\library.a(tusb_fifo.o)
                0x10001dd4                tu_fifo_remaining
 .text.tu_fifo_read
                0x10001df0       0x9c ..\pico-sdk\lib\tinyusb\src\common\library.a(tusb_fifo.o)
                0x10001df0                tu_fifo_read
 .text.tu_fifo_read_n
                0x10001e8c       0xfc ..\pico-sdk\lib\tinyusb\src\common\library.a(tusb_fifo.o)
                0x10001e8c                tu_fifo_read_n
 .text.tu_fifo_write
                0x10001f88       0x7c ..\pico-sdk\lib\tinyusb\src\common\library.a(tusb_fifo.o)
                0x10001f88                tu_fifo_write
 .text.tu_fifo_write_n
                0x10002004      0x100 ..\pico-sdk\lib\tinyusb\src\common\library.a(tusb_fifo.o)
                0x10002004                tu_fifo_write_n
 .text.tu_fifo_clear
                0x10002104       0x4c ..\pico-sdk\lib\tinyusb\src\common\library.a(tusb_fifo.o)
                0x10002104                tu_fifo_clear
 .text.tu_fifo_set_overwritable
                0x10002150       0x3c ..\pico-sdk\lib\tinyusb\src\common\library.a(tusb_fifo.o)
                0x10002150                tu_fifo_set_overwritable
 .text._ZN3Cpl2Io6Serial9Raspberry6RP20405Stdio5Input5isEosEv
                0x1000218c        0x4 ..\src\Cpl\Io\Serial\Raspberry\RP2040\Stdio\library.a(Input.o)
                0x1000218c                _ZN3Cpl2Io6Serial9Raspberry6RP20405Stdio5Input5isEosEv
 .text._ZN3Cpl2Io6Serial9Raspberry6RP20405Stdio5Input5closeEv
                0x10002190        0x8 ..\src\Cpl\Io\Serial\Raspberry\RP2040\Stdio\library.a(Input.o)
                0x10002190                _ZN3Cpl2Io6Serial9Raspberry6RP20405Stdio5Input5closeEv
 .text._ZTv0_n12_N3Cpl2Io6Serial9Raspberry6RP20405Stdio5Input5closeEv
                0x10002198       0x10 ..\src\Cpl\Io\Serial\Raspberry\RP2040\Stdio\library.a(Input.o)
                0x10002198                _ZTv0_n12_N3Cpl2Io6Serial9Raspberry6RP20405Stdio5Input5closeEv
 .text._ZN3Cpl2Io6Serial9Raspberry6RP20405Stdio5InputD1Ev
                0x100021a8       0x10 ..\src\Cpl\Io\Serial\Raspberry\RP2040\Stdio\library.a(Input.o)
                0x100021a8                _ZN3Cpl2Io6Serial9Raspberry6RP20405Stdio5InputD1Ev
                0x100021ac                _ZTv0_n16_N3Cpl2Io6Serial9Raspberry6RP20405Stdio5InputD1Ev
 .text._ZN3Cpl2Io6Serial9Raspberry6RP20405Stdio5InputD0Ev
                0x100021b8       0x20 ..\src\Cpl\Io\Serial\Raspberry\RP2040\Stdio\library.a(Input.o)
                0x100021b8                _ZN3Cpl2Io6Serial9Raspberry6RP20405Stdio5InputD0Ev
                0x100021c4                _ZTv0_n16_N3Cpl2Io6Serial9Raspberry6RP20405Stdio5InputD0Ev
 .text._ZN3Cpl2Io6Serial9Raspberry6RP20405Stdio5Input9availableEv
                0x100021d8       0x20 ..\src\Cpl\Io\Serial\Raspberry\RP2040\Stdio\library.a(Input.o)
                0x100021d8                _ZN3Cpl2Io6Serial9Raspberry6RP20405Stdio5Input9availableEv
 .text._ZN3Cpl2Io6Serial9Raspberry6RP20405Stdio5Input4readEPviRi
                0x100021f8       0x4c ..\src\Cpl\Io\Serial\Raspberry\RP2040\Stdio\library.a(Input.o)
                0x100021f8                _ZN3Cpl2Io6Serial9Raspberry6RP20405Stdio5Input4readEPviRi
 .text._ZN3Cpl2Io6Serial9Raspberry6RP20405Stdio5InputC1Ev
                0x10002244       0x20 ..\src\Cpl\Io\Serial\Raspberry\RP2040\Stdio\library.a(Input.o)
                0x10002244                _ZN3Cpl2Io6Serial9Raspberry6RP20405Stdio5InputC1Ev
 .text.startup._GLOBAL__sub_I__ZN3Cpl2Io6Serial9Raspberry6RP20405Stdio5InputC2Ev
                0x10002264       0x10 ..\src\Cpl\Io\Serial\Raspberry\RP2040\Stdio\library.a(Input.o)
 .text._ZN3Cpl2Io6Serial9Raspberry6RP20405Stdio6Output5isEosEv
                0x10002274        0x4 ..\src\Cpl\Io\Serial\Raspberry\RP2040\Stdio\library.a(Output.o)
                0x10002274                _ZN3Cpl2Io6Serial9Raspberry6RP20405Stdio6Output5isEosEv
 .text._ZN3Cpl2Io6Serial9Raspberry6RP20405Stdio6Output5closeEv
                0x10002278        0x4 ..\src\Cpl\Io\Serial\Raspberry\RP2040\Stdio\library.a(Output.o)
                0x10002278                _ZN3Cpl2Io6Serial9Raspberry6RP20405Stdio6Output5closeEv
 .text._ZTv0_n12_N3Cpl2Io6Serial9Raspberry6RP20405Stdio6Output5closeEv
                0x1000227c        0x4 ..\src\Cpl\Io\Serial\Raspberry\RP2040\Stdio\library.a(Output.o)
                0x1000227c                _ZTv0_n12_N3Cpl2Io6Serial9Raspberry6RP20405Stdio6Output5closeEv
 .text._ZN3Cpl2Io6Serial9Raspberry6RP20405Stdio6OutputD1Ev
                0x10002280       0x10 ..\src\Cpl\Io\Serial\Raspberry\RP2040\Stdio\library.a(Output.o)
                0x10002280                _ZN3Cpl2Io6Serial9Raspberry6RP20405Stdio6OutputD1Ev
                0x10002284                _ZTv0_n16_N3Cpl2Io6Serial9Raspberry6RP20405Stdio6OutputD1Ev
 .text._ZN3Cpl2Io6Serial9Raspberry6RP20405Stdio6Output5flushEv
                0x10002290        0x8 ..\src\Cpl\Io\Serial\Raspberry\RP2040\Stdio\library.a(Output.o)
                0x10002290                _ZN3Cpl2Io6Serial9Raspberry6RP20405Stdio6Output5flushEv
 .text._ZN3Cpl2Io6Serial9Raspberry6RP20405Stdio6OutputD0Ev
                0x10002298       0x20 ..\src\Cpl\Io\Serial\Raspberry\RP2040\Stdio\library.a(Output.o)
                0x10002298                _ZN3Cpl2Io6Serial9Raspberry6RP20405Stdio6OutputD0Ev
                0x100022a4                _ZTv0_n16_N3Cpl2Io6Serial9Raspberry6RP20405Stdio6OutputD0Ev
 .text._ZN3Cpl2Io6Serial9Raspberry6RP20405Stdio6Output5writeEPKviRi
                0x100022b8       0x2c ..\src\Cpl\Io\Serial\Raspberry\RP2040\Stdio\library.a(Output.o)
                0x100022b8                _ZN3Cpl2Io6Serial9Raspberry6RP20405Stdio6Output5writeEPKviRi
 .text._ZN3Cpl2Io6Serial9Raspberry6RP20405Stdio6OutputC1Ev
                0x100022e4       0x18 ..\src\Cpl\Io\Serial\Raspberry\RP2040\Stdio\library.a(Output.o)
                0x100022e4                _ZN3Cpl2Io6Serial9Raspberry6RP20405Stdio6OutputC1Ev
 .text.startup._GLOBAL__sub_I__ZN3Cpl2Io6Serial9Raspberry6RP20405Stdio6OutputC2Ev
                0x100022fc       0x10 ..\src\Cpl\Io\Serial\Raspberry\RP2040\Stdio\library.a(Output.o)
 .text._ZN3Cpl2Io5Input4readERc
                0x1000230c       0x14 ..\src\Cpl\Io\library.a(Input.o)
                0x1000230c                _ZN3Cpl2Io5Input4readERc
 .text._ZN3Cpl2Io5Input4readERNS_4Text6StringE
                0x10002320       0x34 ..\src\Cpl\Io\library.a(Input.o)
                0x10002320                _ZN3Cpl2Io5Input4readERNS_4Text6StringE
 .text.startup._GLOBAL__sub_I__ZN3Cpl2Io5Input4readERc
                0x10002354       0x10 ..\src\Cpl\Io\library.a(Input.o)
 .text._ZN3Cpl2Io6Output5writeEc
                0x10002364       0x1c ..\src\Cpl\Io\library.a(Output.o)
                0x10002364                _ZN3Cpl2Io6Output5writeEc
 .text._ZN3Cpl2Io6Output5writeEPKvi
                0x10002380       0x38 ..\src\Cpl\Io\library.a(Output.o)
                0x10002380                _ZN3Cpl2Io6Output5writeEPKvi
 .text._ZN3Cpl2Io6Output5writeERNS_4Text6StringEPKcz
                0x100023b8       0x1c ..\src\Cpl\Io\library.a(Output.o)
                0x100023b8                _ZN3Cpl2Io6Output5writeERNS_4Text6StringEPKcz
 .text._ZN3Cpl2Io6Output5writeEPKc
                0x100023d4       0x60 ..\src\Cpl\Io\library.a(Output.o)
                0x100023d4                _ZN3Cpl2Io6Output5writeEPKc
 .text._ZN3Cpl2Io6Output5writeERKNS_4Text6StringE
                0x10002434       0x64 ..\src\Cpl\Io\library.a(Output.o)
                0x10002434                _ZN3Cpl2Io6Output5writeERKNS_4Text6StringE
 .text._ZN3Cpl2Io6Output6vwriteERNS_4Text6StringEPKcSt9__va_list
                0x10002498       0x70 ..\src\Cpl\Io\library.a(Output.o)
                0x10002498                _ZN3Cpl2Io6Output6vwriteERNS_4Text6StringEPKcSt9__va_list
 .text.startup._GLOBAL__sub_I__ZN3Cpl2Io6Output5writeEc
                0x10002508       0x10 ..\src\Cpl\Io\library.a(Output.o)
 .text._Z4testRN3Cpl2Io5InputERNS0_6OutputE
                0x10002518       0xec ..\src\Cpl\Io\Serial\Raspberry\RP2040\_0test\_hw_baremetal\library.a(test.o)
                0x10002518                _Z4testRN3Cpl2Io5InputERNS0_6OutputE
 .text.startup._GLOBAL__sub_I__Z4testRN3Cpl2Io5InputERNS0_6OutputE
                0x10002604       0x10 ..\src\Cpl\Io\Serial\Raspberry\RP2040\_0test\_hw_baremetal\library.a(test.o)
 .text.Bsp_Api_initialize
                0x10002614       0x24 ..\src\Bsp\Raspberry\Pico\gcc\library.a(Api.o)
                0x10002614                Bsp_Api_initialize
 .text._ZNSt8ios_base4InitC2Ev
                0x10002638        0x4 ..\src\Bsp\Raspberry\Pico\gcc\library.a(Api.o)
                0x10002638                _ZNSt8ios_base4InitC1Ev
                0x10002638                _ZNSt8ios_base4InitC2Ev
 .text.critical_section_init
                0x1000263c       0x20 ..\pico-sdk\src\common\pico_sync\library.a(critical_section.o)
                0x1000263c                critical_section_init
 .text.mutex_init
                0x1000265c       0x1c ..\pico-sdk\src\common\pico_sync\library.a(mutex.o)
                0x1000265c                mutex_init
 .text.recursive_mutex_init
                0x10002678       0x1c ..\pico-sdk\src\common\pico_sync\library.a(mutex.o)
                0x10002678                recursive_mutex_init
 .text.lock_init
                0x10002694       0x10 ..\pico-sdk\src\common\pico_sync\library.a(lock_core.o)
                0x10002694                lock_init
 .text.timer_pool_entry_comparator
                0x100026a4       0x34 ..\pico-sdk\src\common\pico_time\library.a(time.o)
                0x100026a4                timer_pool_entry_comparator
 .text.sleep_until_callback
                0x100026d8       0x30 ..\pico-sdk\src\common\pico_time\library.a(time.o)
 .text.add_alarm_under_lock.isra.0
                0x10002708      0x104 ..\pico-sdk\src\common\pico_time\library.a(time.o)
 .text.alarm_pool_alarm_callback
                0x1000280c      0x1c8 ..\pico-sdk\src\common\pico_time\library.a(time.o)
 .text.alarm_pool_add_alarm_at.constprop.0
                0x100029d4      0x11c ..\pico-sdk\src\common\pico_time\library.a(time.o)
 .text.alarm_pool_init_default
                0x10002af0       0x64 ..\pico-sdk\src\common\pico_time\library.a(time.o)
                0x10002af0                alarm_pool_init_default
 .text.alarm_pool_get_default
                0x10002b54        0x8 ..\pico-sdk\src\common\pico_time\library.a(time.o)
                0x10002b54                alarm_pool_get_default
 .text.alarm_pool_add_alarm_at
                0x10002b5c      0x1a0 ..\pico-sdk\src\common\pico_time\library.a(time.o)
                0x10002b5c                alarm_pool_add_alarm_at
 .text.best_effort_wfe_or_timeout
                0x10002cfc       0xc0 ..\pico-sdk\src\common\pico_time\library.a(time.o)
                0x10002cfc                best_effort_wfe_or_timeout
 .text.ph_merge_nodes
                0x10002dbc       0x68 ..\pico-sdk\src\common\pico_util\library.a(pheap.o)
 .text.ph_post_alloc_init
                0x10002e24       0x3c ..\pico-sdk\src\common\pico_util\library.a(pheap.o)
                0x10002e24                ph_post_alloc_init
 .text.ph_merge_two_pass
                0x10002e60       0x9c ..\pico-sdk\src\common\pico_util\library.a(pheap.o)
                0x10002e60                ph_merge_two_pass
 .text.ph_remove_any_head
                0x10002efc       0xf8 ..\pico-sdk\src\common\pico_util\library.a(pheap.o)
 .text.ph_remove_head
                0x10002ff4       0xfc ..\pico-sdk\src\common\pico_util\library.a(pheap.o)
                0x10002ff4                ph_remove_head
 .text.ph_remove_and_free_node
                0x100030f0       0x7c ..\pico-sdk\src\common\pico_util\library.a(pheap.o)
                0x100030f0                ph_remove_and_free_node
 .text.gpio_init
                0x1000316c       0x3c ..\pico-sdk\src\rp2_common\hardware_gpio\library.a(gpio.o)
                0x1000316c                gpio_init
 .text.spin_locks_reset
                0x100031a8       0x1c ..\pico-sdk\src\rp2_common\hardware_sync\library.a(sync.o)
                0x100031a8                spin_locks_reset
 .text.next_striped_spin_lock_num
                0x100031c4       0x18 ..\pico-sdk\src\rp2_common\hardware_sync\library.a(sync.o)
                0x100031c4                next_striped_spin_lock_num
 .text.spin_lock_claim_unused
                0x100031dc       0x24 ..\pico-sdk\src\rp2_common\hardware_sync\library.a(sync.o)
                0x100031dc                spin_lock_claim_unused
 .text.irq_set_enabled
                0x10003200       0x24 ..\pico-sdk\src\rp2_common\hardware_irq\library.a(irq.o)
                0x10003200                irq_set_enabled
 .text.irq_set_pending
                0x10003224       0x10 ..\pico-sdk\src\rp2_common\hardware_irq\library.a(irq.o)
                0x10003224                irq_set_pending
 .text.irq_has_shared_handler
                0x10003234       0x2c ..\pico-sdk\src\rp2_common\hardware_irq\library.a(irq.o)
                0x10003234                irq_has_shared_handler
 .text.irq_get_vtable_handler
                0x10003260       0x10 ..\pico-sdk\src\rp2_common\hardware_irq\library.a(irq.o)
                0x10003260                irq_get_vtable_handler
 .text.irq_set_exclusive_handler
                0x10003270       0x54 ..\pico-sdk\src\rp2_common\hardware_irq\library.a(irq.o)
                0x10003270                irq_set_exclusive_handler
 .text.irq_add_shared_handler
                0x100032c4      0x1e0 ..\pico-sdk\src\rp2_common\hardware_irq\library.a(irq.o)
                0x100032c4                irq_add_shared_handler
 .text.irq_remove_handler
                0x100034a4      0x1b4 ..\pico-sdk\src\rp2_common\hardware_irq\library.a(irq.o)
                0x100034a4                irq_remove_handler
 .text.irq_add_tail_to_free_list
                0x10003658       0xb4 ..\pico-sdk\src\rp2_common\hardware_irq\library.a(irq.o)
                0x10003658                irq_add_tail_to_free_list
 .text.irq_init_priorities
                0x1000370c       0x24 ..\pico-sdk\src\rp2_common\hardware_irq\library.a(irq.o)
                0x1000370c                irq_init_priorities
 .text.user_irq_claim_unused
                0x10003730       0x30 ..\pico-sdk\src\rp2_common\hardware_irq\library.a(irq.o)
                0x10003730                user_irq_claim_unused
 .text.hardware_alarm_irq_handler
                0x10003760       0xb8 ..\pico-sdk\src\rp2_common\hardware_timer\library.a(timer.o)
 .text.hardware_alarm_claim
                0x10003818       0x18 ..\pico-sdk\src\rp2_common\hardware_timer\library.a(timer.o)
                0x10003818                hardware_alarm_claim
 .text.time_us_64
                0x10003830       0x14 ..\pico-sdk\src\rp2_common\hardware_timer\library.a(timer.o)
                0x10003830                time_us_64
 .text.busy_wait_us
                0x10003844       0x54 ..\pico-sdk\src\rp2_common\hardware_timer\library.a(timer.o)
                0x10003844                busy_wait_us
 .text.hardware_alarm_set_callback
                0x10003898       0x8c ..\pico-sdk\src\rp2_common\hardware_timer\library.a(timer.o)
                0x10003898                hardware_alarm_set_callback
 .text.hardware_alarm_set_target
                0x10003924       0xe0 ..\pico-sdk\src\rp2_common\hardware_timer\library.a(timer.o)
                0x10003924                hardware_alarm_set_target
 .text.hardware_alarm_cancel
                0x10003a04       0x3c ..\pico-sdk\src\rp2_common\hardware_timer\library.a(timer.o)
                0x10003a04                hardware_alarm_cancel
 .text.runtime_init
                0x10003a40       0xf0 ..\pico-sdk\src\rp2_common\pico_runtime\library.a(runtime.o)
                0x10003a40                runtime_init
 .text._sbrk    0x10003b30       0x34 ..\pico-sdk\src\rp2_common\pico_runtime\library.a(runtime.o)
                0x10003b30                _sbrk
 .text.exit     0x10003b64        0x4 ..\pico-sdk\src\rp2_common\pico_runtime\library.a(runtime.o)
                0x10003b64                exit
 .text.panic    0x10003b68       0x30 ..\pico-sdk\src\rp2_common\pico_runtime\library.a(runtime.o)
                0x10003b68                panic
 .text.hard_assertion_failure
                0x10003b98        0xc ..\pico-sdk\src\rp2_common\pico_runtime\library.a(runtime.o)
                0x10003b98                hard_assertion_failure
 .text.clocks_init
                0x10003ba4      0x2b0 ..\pico-sdk\src\rp2_common\hardware_clocks\library.a(clocks.o)
                0x10003ba4                clocks_init
 .text.pll_init
                0x10003e54       0xa8 ..\pico-sdk\src\rp2_common\hardware_pll\library.a(pll.o)
                0x10003e54                pll_init
 .text.watchdog_start_tick
                0x10003efc       0x10 ..\pico-sdk\src\rp2_common\hardware_watchdog\library.a(watchdog.o)
                0x10003efc                watchdog_start_tick
 .text.watchdog_reboot
                0x10003f0c       0x9c ..\pico-sdk\src\rp2_common\hardware_watchdog\library.a(watchdog.o)
                0x10003f0c                watchdog_reboot
 .text.xosc_init
                0x10003fa8       0x28 ..\pico-sdk\src\rp2_common\hardware_xosc\library.a(xosc.o)
                0x10003fa8                xosc_init
 .text._out_null
                0x10003fd0        0x4 ..\pico-sdk\src\rp2_common\pico_printf\library.a(printf.o)
 .text._out_rev
                0x10003fd4       0x90 ..\pico-sdk\src\rp2_common\pico_printf\library.a(printf.o)
 .text._ntoa_format
                0x10004064      0x1cc ..\pico-sdk\src\rp2_common\pico_printf\library.a(printf.o)
 .text._out_char
                0x10004230       0x10 ..\pico-sdk\src\rp2_common\pico_printf\library.a(printf.o)
 .text._out_fct
                0x10004240       0x10 ..\pico-sdk\src\rp2_common\pico_printf\library.a(printf.o)
 .text._etoa    0x10004250      0x44c ..\pico-sdk\src\rp2_common\pico_printf\library.a(printf.o)
 .text._ftoa    0x1000469c      0x3d0 ..\pico-sdk\src\rp2_common\pico_printf\library.a(printf.o)
 .text._vsnprintf
                0x10004a6c      0xabc ..\pico-sdk\src\rp2_common\pico_printf\library.a(printf.o)
 .text.vfctprintf
                0x10005528       0x20 ..\pico-sdk\src\rp2_common\pico_printf\library.a(printf.o)
                0x10005528                vfctprintf
 .text.weak_raw_vprintf
                0x10005548       0x30 ..\pico-sdk\src\rp2_common\pico_printf\library.a(printf.o)
                0x10005548                weak_raw_vprintf
 .text.rom_func_lookup
                0x10005578       0x10 ..\pico-sdk\src\rp2_common\pico_bootrom\library.a(bootrom.o)
                0x10005578                rom_func_lookup
 .text.rom_data_lookup
                0x10005588       0x10 ..\pico-sdk\src\rp2_common\pico_bootrom\library.a(bootrom.o)
                0x10005588                rom_data_lookup
 .text.rom_funcs_lookup
                0x10005598       0x44 ..\pico-sdk\src\rp2_common\pico_bootrom\library.a(bootrom.o)
                0x10005598                rom_funcs_lookup
 .text.__wrap___aeabi_idiv
                0x100055dc       0x50 ..\pico-sdk\src\rp2_common\pico_divider\library.a(divider.o)
                0x100055dc                __wrap___aeabi_idivmod
                0x100055dc                divmod_s32s32
                0x100055dc                div_s32s32
                0x100055dc                __wrap___aeabi_idiv
                0x100055e4                divmod_s32s32_unsafe
                0x10005610                divmod_s32s32_savestate
 .text.__wrap___aeabi_uidiv
                0x1000562c       0x4c ..\pico-sdk\src\rp2_common\pico_divider\library.a(divider.o)
                0x1000562c                __wrap___aeabi_uidiv
                0x1000562c                __wrap___aeabi_uidivmod
                0x1000562c                div_u32u32
                0x1000562c                divmod_u32u32
                0x10005634                divmod_u32u32_unsafe
                0x1000565c                divmod_u32u32_savestate
 .text.__wrap___aeabi_ldiv
                0x10005678      0x434 ..\pico-sdk\src\rp2_common\pico_divider\library.a(divider.o)
                0x10005678                div_s64s64
                0x10005678                divmod_s64s64
                0x10005678                __wrap___aeabi_ldivmod
                0x100056b0                divmod_u64u64
                0x100056b0                div_u64u64
                0x100056b0                __wrap___aeabi_uldivmod
                0x100056c0                divmod_u64u64_savestate
                0x100056e8                divmod_s64s64_unsafe
                0x10005770                divmod_u64u64_unsafe
 .text.__wrap___aeabi_darithmetic
                0x10005aac       0x80 ..\pico-sdk\src\rp2_common\pico_double\library.a(double_aeabi.o)
                0x10005aac                __wrap___aeabi_drsub
                0x10005ab2                __wrap___aeabi_dsub
                0x10005ac4                __wrap___aeabi_dadd
                0x10005ad6                __wrap___aeabi_ddiv
                0x10005b12                __wrap___aeabi_dmul
 .text.__wrap___aeabi_cdcmple
                0x10005b2c       0x6c ..\pico-sdk\src\rp2_common\pico_double\library.a(double_aeabi.o)
                0x10005b2c                __wrap___aeabi_cdrcmple
                0x10005b3c                __wrap___aeabi_cdcmpeq
                0x10005b3c                __wrap___aeabi_cdcmple
 .text.__wrap___aeabi_dcmplt
                0x10005b98        0xc ..\pico-sdk\src\rp2_common\pico_double\library.a(double_aeabi.o)
                0x10005b98                __wrap___aeabi_dcmplt
 .text.__wrap___aeabi_dcmple
                0x10005ba4       0x10 ..\pico-sdk\src\rp2_common\pico_double\library.a(double_aeabi.o)
                0x10005ba4                __wrap___aeabi_dcmple
 .text.__wrap___aeabi_dcmpge
                0x10005bb4       0x10 ..\pico-sdk\src\rp2_common\pico_double\library.a(double_aeabi.o)
                0x10005bb4                __wrap___aeabi_dcmpge
 .text.__wrap___aeabi_dcmpgt
                0x10005bc4        0xa ..\pico-sdk\src\rp2_common\pico_double\library.a(double_aeabi.o)
                0x10005bc4                __wrap___aeabi_dcmpgt
 .text.__wrap___aeabi_dcmpun
                0x10005bce       0x1c ..\pico-sdk\src\rp2_common\pico_double\library.a(double_aeabi.o)
                0x10005bce                __wrap___aeabi_dcmpun
 *fill*         0x10005bea        0x2 
 .text.__wrap___aeabi_i2d
                0x10005bec       0x38 ..\pico-sdk\src\rp2_common\pico_double\library.a(double_aeabi.o)
                0x10005bec                __wrap___aeabi_ui2d
                0x10005bf4                __wrap___aeabi_i2d
 .text.__wrap___aeabi_d2iz
                0x10005c24       0x48 ..\pico-sdk\src\rp2_common\pico_double\library.a(double_aeabi.o)
                0x10005c24                double2int_z
                0x10005c24                __wrap___aeabi_d2iz
 .text.__wrap___aeabi_d2uiz
                0x10005c6c       0x18 ..\pico-sdk\src\rp2_common\pico_double\library.a(double_aeabi.o)
                0x10005c6c                __wrap___aeabi_d2uiz
                0x10005c6c                double2uint
 .text.__aeabi_double_init
                0x10005c84       0x94 ..\pico-sdk\src\rp2_common\pico_double\library.a(double_init_rom.o)
                0x10005c84                __aeabi_double_init
 .text.double_table_shim_on_use_helper
                0x10005d18       0x34 ..\pico-sdk\src\rp2_common\pico_double\library.a(double_v1_rom_shim.o)
                0x10005d18                double_table_shim_on_use_helper
 .text.__wrap___aeabi_dsub
                0x10005d4c       0x10 ..\pico-sdk\src\rp2_common\pico_double\library.a(double_v1_rom_shim.o)
                0x10005d4c                drsub_shim
                0x10005d52                dsub_shim
 .text.dadd_shim
                0x10005d5c      0x15c ..\pico-sdk\src\rp2_common\pico_double\library.a(double_v1_rom_shim.o)
                0x10005d5c                dadd_shim
 .text.dmul_shim
                0x10005eb8      0x15c ..\pico-sdk\src\rp2_common\pico_double\library.a(double_v1_rom_shim.o)
                0x10005eb8                dmul_shim
 .text.ddiv_shim
                0x10006014      0x1b0 ..\pico-sdk\src\rp2_common\pico_double\library.a(double_v1_rom_shim.o)
                0x10006014                ddiv_shim
 .text.double2uint_shim
                0x100061c4        0xe ..\pico-sdk\src\rp2_common\pico_double\library.a(double_v1_rom_shim.o)
                0x100061c4                double2uint_shim
                0x100061c6                double2ufix_shim
 *fill*         0x100061d2        0x2 
 .text.double2uint64_shim
                0x100061d4       0x70 ..\pico-sdk\src\rp2_common\pico_double\library.a(double_v1_rom_shim.o)
                0x100061d4                double2uint64_shim
                0x100061d6                double2ufix64_shim
                0x100061f6                d2fix_a
 .text.dunpacks
                0x10006244       0x3c ..\pico-sdk\src\rp2_common\pico_double\library.a(double_v1_rom_shim.o)
                0x10006244                dunpacks
 .text.__aeabi_lmul
                0x10006280       0x32 ..\pico-sdk\src\rp2_common\pico_int64_ops\library.a(pico_int64_ops_aeabi.o)
                0x10006280                __wrap___aeabi_lmul
 *fill*         0x100062b2        0x2 
 .text.__wrap_free
                0x100062b4        0x8 ..\pico-sdk\src\rp2_common\pico_malloc\library.a(pico_malloc.o)
                0x100062b4                __wrap_free
 .text          0x100062bc       0x10 ..\pico-sdk\src\rp2_common\pico_mem_ops\library.a(mem_ops_aeabi.o)
                0x100062bc                __aeabi_mem_init
 .text.memset   0x100062cc        0xc ..\pico-sdk\src\rp2_common\pico_mem_ops\library.a(mem_ops_aeabi.o)
                0x100062cc                __wrap_memset
 .text.memcpy   0x100062d8        0xc ..\pico-sdk\src\rp2_common\pico_mem_ops\library.a(mem_ops_aeabi.o)
                0x100062d8                __wrap_memcpy
                0x100062d8                __wrap___aeabi_memcpy
 .text.stdio_out_chars_no_crlf
                0x100062e4       0x10 ..\pico-sdk\src\rp2_common\pico_stdio\library.a(stdio.o)
 .text.stdio_out_chars_crlf
                0x100062f4       0xb4 ..\pico-sdk\src\rp2_common\pico_stdio\library.a(stdio.o)
 .text.stdio_buffered_printer
                0x100063a8       0x64 ..\pico-sdk\src\rp2_common\pico_stdio\library.a(stdio.o)
 .text.stdio_put_string.isra.0
                0x1000640c       0xfc ..\pico-sdk\src\rp2_common\pico_stdio\library.a(stdio.o)
 .text.__wrap_putchar
                0x10006508       0xa0 ..\pico-sdk\src\rp2_common\pico_stdio\library.a(stdio.o)
                0x10006508                __wrap_putchar
 .text.__wrap_puts
                0x100065a8       0x3c ..\pico-sdk\src\rp2_common\pico_stdio\library.a(stdio.o)
                0x100065a8                __wrap_puts
 .text.putchar_raw
                0x100065e4       0xa0 ..\pico-sdk\src\rp2_common\pico_stdio\library.a(stdio.o)
                0x100065e4                putchar_raw
 .text.stdio_set_driver_enabled
                0x10006684       0x30 ..\pico-sdk\src\rp2_common\pico_stdio\library.a(stdio.o)
                0x10006684                stdio_set_driver_enabled
 .text.stdio_flush
                0x100066b4       0x28 ..\pico-sdk\src\rp2_common\pico_stdio\library.a(stdio.o)
                0x100066b4                stdio_flush
 .text.__wrap_vprintf
                0x100066dc       0xd4 ..\pico-sdk\src\rp2_common\pico_stdio\library.a(stdio.o)
                0x100066dc                __wrap_vprintf
 .text.__wrap_printf
                0x100067b0       0x18 ..\pico-sdk\src\rp2_common\pico_stdio\library.a(stdio.o)
                0x100067b0                __wrap_printf
 .text.stdio_init_all
                0x100067c8        0x8 ..\pico-sdk\src\rp2_common\pico_stdio\library.a(stdio.o)
                0x100067c8                stdio_init_all
 .text.getchar_timeout_us
                0x100067d0       0xa4 ..\pico-sdk\src\rp2_common\pico_stdio\library.a(stdio.o)
                0x100067d0                getchar_timeout_us
 .text.startup._retrieve_unique_id_on_boot
                0x10006874       0x10 ..\pico-sdk\src\rp2_common\pico_unique_id\library.a(unique_id.o)
 .text.pico_get_unique_board_id_string
                0x10006884      0x1a8 ..\pico-sdk\src\rp2_common\pico_unique_id\library.a(unique_id.o)
                0x10006884                pico_get_unique_board_id_string
 .text.dcd_rp2040_irq
                0x10006a2c      0x1cc ..\pico-sdk\lib\tinyusb\src\portable\raspberrypi\rp2040\library.a(dcd_rp2040.o)
 .text.dcd_int_enable
                0x10006bf8        0xc ..\pico-sdk\lib\tinyusb\src\portable\raspberrypi\rp2040\library.a(dcd_rp2040.o)
                0x10006bf8                dcd_int_enable
 .text.dcd_set_address
                0x10006c04       0x14 ..\pico-sdk\lib\tinyusb\src\portable\raspberrypi\rp2040\library.a(dcd_rp2040.o)
                0x10006c04                dcd_set_address
 .text.dcd_connect
                0x10006c18       0x10 ..\pico-sdk\lib\tinyusb\src\portable\raspberrypi\rp2040\library.a(dcd_rp2040.o)
                0x10006c18                dcd_connect
 .text.dcd_init
                0x10006c28       0xf0 ..\pico-sdk\lib\tinyusb\src\portable\raspberrypi\rp2040\library.a(dcd_rp2040.o)
                0x10006c28                dcd_init
 .text.dcd_edpt0_status_complete
                0x10006d18       0x1c ..\pico-sdk\lib\tinyusb\src\portable\raspberrypi\rp2040\library.a(dcd_rp2040.o)
                0x10006d18                dcd_edpt0_status_complete
 .text.dcd_edpt_open
                0x10006d34       0xf0 ..\pico-sdk\lib\tinyusb\src\portable\raspberrypi\rp2040\library.a(dcd_rp2040.o)
                0x10006d34                dcd_edpt_open
 .text.dcd_edpt_close_all
                0x10006e24       0x68 ..\pico-sdk\lib\tinyusb\src\portable\raspberrypi\rp2040\library.a(dcd_rp2040.o)
                0x10006e24                dcd_edpt_close_all
 .text.dcd_edpt_xfer
                0x10006e8c       0x24 ..\pico-sdk\lib\tinyusb\src\portable\raspberrypi\rp2040\library.a(dcd_rp2040.o)
                0x10006e8c                dcd_edpt_xfer
 .text.dcd_edpt_stall
                0x10006eb0       0x38 ..\pico-sdk\lib\tinyusb\src\portable\raspberrypi\rp2040\library.a(dcd_rp2040.o)
                0x10006eb0                dcd_edpt_stall
 .text.dcd_edpt_clear_stall
                0x10006ee8       0x30 ..\pico-sdk\lib\tinyusb\src\portable\raspberrypi\rp2040\library.a(dcd_rp2040.o)
                0x10006ee8                dcd_edpt_clear_stall
 .text._hw_endpoint_buffer_control_update32.part.0.isra.0
                0x10006f18       0x1c ..\pico-sdk\lib\tinyusb\src\portable\raspberrypi\rp2040\library.a(rp2040_usb.o)
 .text.rp2040_usb_init
                0x10006f34       0x4c ..\pico-sdk\lib\tinyusb\src\portable\raspberrypi\rp2040\library.a(rp2040_usb.o)
                0x10006f34                rp2040_usb_init
 .text.hw_endpoint_reset_transfer
                0x10006f80        0xc ..\pico-sdk\lib\tinyusb\src\portable\raspberrypi\rp2040\library.a(rp2040_usb.o)
                0x10006f80                hw_endpoint_reset_transfer
 .text._hw_endpoint_buffer_control_update32
                0x10006f8c       0x44 ..\pico-sdk\lib\tinyusb\src\portable\raspberrypi\rp2040\library.a(rp2040_usb.o)
                0x10006f8c                _hw_endpoint_buffer_control_update32
 .text.hw_endpoint_xfer_start
                0x10006fd0      0x134 ..\pico-sdk\lib\tinyusb\src\portable\raspberrypi\rp2040\library.a(rp2040_usb.o)
                0x10006fd0                hw_endpoint_xfer_start
 .text.hw_endpoint_xfer_continue
                0x10007104      0x1dc ..\pico-sdk\lib\tinyusb\src\portable\raspberrypi\rp2040\library.a(rp2040_usb.o)
                0x10007104                hw_endpoint_xfer_continue
 .text.hw_claim_or_assert
                0x100072e0       0x44 ..\pico-sdk\src\rp2_common\hardware_claim\library.a(claim.o)
                0x100072e0                hw_claim_or_assert
 .text.hw_claim_unused_from_range
                0x10007324       0x9c ..\pico-sdk\src\rp2_common\hardware_claim\library.a(claim.o)
                0x10007324                hw_claim_unused_from_range
 .text.running_on_fpga
                0x100073c0       0x10 ..\pico-sdk\src\rp2_common\pico_platform\library.a(platform.o)
                0x100073c0                running_on_fpga
 .text.flash_get_unique_id
                0x100073d0       0x40 ..\pico-sdk\src\rp2_common\hardware_flash\library.a(flash.o)
                0x100073d0                flash_get_unique_id
 .text.free     0x10007410       0x14 c:/compilers/gcc-arm-none-eabi/11.2_2022.02/bin/../lib/gcc/arm-none-eabi/11.2.1/thumb/v6-m/nofp\libc.a(lib_a-malloc.o)
                0x10007410                free
 .text.__malloc_lock
                0x10007424        0x4 c:/compilers/gcc-arm-none-eabi/11.2_2022.02/bin/../lib/gcc/arm-none-eabi/11.2.1/thumb/v6-m/nofp\libc.a(lib_a-mlock.o)
                0x10007424                __malloc_lock
 .text.__malloc_unlock
                0x10007428        0x4 c:/compilers/gcc-arm-none-eabi/11.2_2022.02/bin/../lib/gcc/arm-none-eabi/11.2.1/thumb/v6-m/nofp\libc.a(lib_a-mlock.o)
                0x10007428                __malloc_unlock
 .text._sbrk_r  0x1000742c       0x24 c:/compilers/gcc-arm-none-eabi/11.2_2022.02/bin/../lib/gcc/arm-none-eabi/11.2.1/thumb/v6-m/nofp\libc.a(lib_a-sbrkr.o)
                0x1000742c                _sbrk_r
 .text.strlen   0x10007450       0x5c c:/compilers/gcc-arm-none-eabi/11.2_2022.02/bin/../lib/gcc/arm-none-eabi/11.2.1/thumb/v6-m/nofp\libc.a(lib_a-strlen-stub.o)
                0x10007450                strlen
 .text._malloc_trim_r
                0x100074ac       0x9c c:/compilers/gcc-arm-none-eabi/11.2_2022.02/bin/../lib/gcc/arm-none-eabi/11.2.1/thumb/v6-m/nofp\libc.a(lib_a-freer.o)
                0x100074ac                _malloc_trim_r
 .text._free_r  0x10007548      0x1bc c:/compilers/gcc-arm-none-eabi/11.2_2022.02/bin/../lib/gcc/arm-none-eabi/11.2.1/thumb/v6-m/nofp\libc.a(lib_a-freer.o)
                0x10007548                _free_r
 *(.fini)
 .fini          0x10007704        0x4 c:/compilers/gcc-arm-none-eabi/11.2_2022.02/bin/../lib/gcc/arm-none-eabi/11.2.1/thumb/v6-m/nofp/crti.o
                0x10007704                _fini
 .fini.__stub   0x10007708       0x70 linker stubs
 *crtbegin.o(.ctors)
 *crtbegin?.o(.ctors)
 *(EXCLUDE_FILE(*crtend.o *crtend?.o) .ctors)
 *(SORT_BY_NAME(.ctors.*))
 *(.ctors)
 *crtbegin.o(.dtors)
 *crtbegin?.o(.dtors)
 *(EXCLUDE_FILE(*crtend.o *crtend?.o) .dtors)
 *(SORT_BY_NAME(.dtors.*))
 *(.dtors)
 *(.eh_frame*)
 .eh_frame      0x10007778        0x0 c:/compilers/gcc-arm-none-eabi/11.2_2022.02/bin/../lib/gcc/arm-none-eabi/11.2.1/thumb/v6-m/nofp/crtbegin.o
                0x10007778                . = ALIGN (0x4)

.glue_7         0x10007778        0x0
 .glue_7        0x10007778        0x0 linker stubs

.glue_7t        0x10007778        0x0
 .glue_7t       0x10007778        0x0 linker stubs

.vfp11_veneer   0x10007778        0x0
 .vfp11_veneer  0x10007778        0x0 linker stubs

.v4_bx          0x10007778        0x0
 .v4_bx         0x10007778        0x0 linker stubs

.iplt           0x10007778        0x0
 .iplt          0x10007778        0x0 c:/compilers/gcc-arm-none-eabi/11.2_2022.02/bin/../lib/gcc/arm-none-eabi/11.2.1/thumb/v6-m/nofp/crtbegin.o

.rodata         0x10007778      0x66c
 *(EXCLUDE_FILE(*libm.a: *libc.a:*lib_a-mem*.o *libgcc.a:) .rodata*)
 .rodata._resetd_driver
                0x10007778       0x18 ..\pico-sdk\src\rp2_common\pico_stdio_usb\reset_interface.o
 .rodata.str1.4
                0x10007790       0x13 ..\pico-sdk\src\rp2_common\pico_stdio_usb\stdio_usb.o
 *fill*         0x100077a3        0x1 
 .rodata.__bi_118.0
                0x100077a4        0xc ..\pico-sdk\src\rp2_common\pico_stdio_usb\stdio_usb.o
 .rodata.str1.4
                0x100077b0       0x2a ..\pico-sdk\src\rp2_common\pico_stdio_usb\stdio_usb_descriptors.o
 *fill*         0x100077da        0x2 
 .rodata.usbd_desc_cfg
                0x100077dc       0x54 ..\pico-sdk\src\rp2_common\pico_stdio_usb\stdio_usb_descriptors.o
 .rodata.usbd_desc_device
                0x10007830       0x12 ..\pico-sdk\src\rp2_common\pico_stdio_usb\stdio_usb_descriptors.o
 *fill*         0x10007842        0x2 
 .rodata.usbd_desc_str
                0x10007844       0x18 ..\pico-sdk\src\rp2_common\pico_stdio_usb\stdio_usb_descriptors.o
 .rodata.str1.4
                0x1000785c       0x40 ..\pico-sdk\src\rp2_common\pico_standard_link\binary_info.o
 .rodata.__bi_44
                0x1000789c        0xc ..\pico-sdk\src\rp2_common\pico_standard_link\binary_info.o
 .rodata.__bi_75
                0x100078a8        0xc ..\pico-sdk\src\rp2_common\pico_standard_link\binary_info.o
 .rodata.__bi_81
                0x100078b4        0xc ..\pico-sdk\src\rp2_common\pico_standard_link\binary_info.o
 .rodata.tud_task
                0x100078c0       0x8c ..\pico-sdk\lib\tinyusb\src\device\library.a(usbd.o)
 .rodata._usbd_driver
                0x1000794c       0x18 ..\pico-sdk\lib\tinyusb\src\device\library.a(usbd.o)
 .rodata._ZTVN3Cpl2Io6Serial9Raspberry6RP20405Stdio5InputE
                0x10007964       0x54 ..\src\Cpl\Io\Serial\Raspberry\RP2040\Stdio\library.a(Input.o)
                0x10007964                _ZTVN3Cpl2Io6Serial9Raspberry6RP20405Stdio5InputE
 .rodata._ZTVN3Cpl2Io6Serial9Raspberry6RP20405Stdio6OutputE
                0x100079b8       0x64 ..\src\Cpl\Io\Serial\Raspberry\RP2040\Stdio\library.a(Output.o)
                0x100079b8                _ZTVN3Cpl2Io6Serial9Raspberry6RP20405Stdio6OutputE
 .rodata._Z4testRN3Cpl2Io5InputERNS0_6OutputE.str1.4
                0x10007a1c       0xdb ..\src\Cpl\Io\Serial\Raspberry\RP2040\_0test\_hw_baremetal\library.a(test.o)
 *fill*         0x10007af7        0x1 
 .rodata.spin_lock_claim_unused.str1.4
                0x10007af8       0x1b ..\pico-sdk\src\rp2_common\hardware_sync\library.a(sync.o)
 *fill*         0x10007b13        0x1 
 .rodata.user_irq_claim_unused.str1.4
                0x10007b14       0x1b ..\pico-sdk\src\rp2_common\hardware_irq\library.a(irq.o)
 *fill*         0x10007b2f        0x1 
 .rodata.hardware_alarm_claim.str1.4
                0x10007b30       0x22 ..\pico-sdk\src\rp2_common\hardware_timer\library.a(timer.o)
 *fill*         0x10007b52        0x2 
 .rodata.panic.str1.4
                0x10007b54       0x10 ..\pico-sdk\src\rp2_common\pico_runtime\library.a(runtime.o)
                                 0x12 (size before relaxing)
 .rodata.hard_assertion_failure.str1.4
                0x10007b64        0xc ..\pico-sdk\src\rp2_common\pico_runtime\library.a(runtime.o)
 .rodata._ftoa.str1.4
                0x10007b70       0x15 ..\pico-sdk\src\rp2_common\pico_printf\library.a(printf.o)
 *fill*         0x10007b85        0x3 
 .rodata._vsnprintf
                0x10007b88      0x19c ..\pico-sdk\src\rp2_common\pico_printf\library.a(printf.o)
 *fill*         0x10007d24        0x4 
 .rodata.pow10.0
                0x10007d28       0x50 ..\pico-sdk\src\rp2_common\pico_printf\library.a(printf.o)
 .rodata.crlf_str.0
                0x10007d78        0x2 ..\pico-sdk\src\rp2_common\pico_stdio\library.a(stdio.o)
 *fill*         0x10007d7a        0x2 
 .rodata.dcd_rp2040_irq.str1.4
                0x10007d7c       0x14 ..\pico-sdk\lib\tinyusb\src\portable\raspberrypi\rp2040\library.a(dcd_rp2040.o)
 .rodata._hw_endpoint_buffer_control_update32.part.0.isra.0.str1.4
                0x10007d90       0x1f ..\pico-sdk\lib\tinyusb\src\portable\raspberrypi\rp2040\library.a(rp2040_usb.o)
 *fill*         0x10007daf        0x1 
 .rodata.hw_endpoint_xfer_continue.str1.4
                0x10007db0       0x29 ..\pico-sdk\lib\tinyusb\src\portable\raspberrypi\rp2040\library.a(rp2040_usb.o)
 *fill*         0x10007dd9        0x3 
 .rodata.str1.4
                0x10007ddc        0x7 ..\pico-sdk\lib\tinyusb\src\portable\raspberrypi\rp2040\library.a(rp2040_usb.o)
                0x10007de4                . = ALIGN (0x4)
 *fill*         0x10007de3        0x1 
 *(SORT_BY_ALIGNMENT(SORT_BY_NAME(.flashdata*)))
                0x10007de4                . = ALIGN (0x4)

.rel.dyn        0x10007de4        0x0
 .rel.iplt      0x10007de4        0x0 c:/compilers/gcc-arm-none-eabi/11.2_2022.02/bin/../lib/gcc/arm-none-eabi/11.2.1/thumb/v6-m/nofp/crtbegin.o

.ARM.extab
 *(.ARM.extab* .gnu.linkonce.armextab.*)
                0x10007de4                __exidx_start = .

.ARM.exidx
 *(.ARM.exidx* .gnu.linkonce.armexidx.*)
                0x10007de4                __exidx_end = .
                0x10007de4                . = ALIGN (0x4)
                0x10007de4                __binary_info_start = .

.binary_info    0x10007de4       0x20
 *(.binary_info.keep.*)
 .binary_info.keep.__bi_ptr22
                0x10007de4        0x4 ..\pico-sdk\src\rp2_common\pico_standard_link\binary_info.o
 .binary_info.keep.__bi_ptr30
                0x10007de8        0x4 ..\pico-sdk\src\rp2_common\pico_standard_link\binary_info.o
 .binary_info.keep.__bi_ptr38
                0x10007dec        0x4 ..\pico-sdk\src\rp2_common\pico_standard_link\binary_info.o
 .binary_info.keep.__bi_ptr44
                0x10007df0        0x4 ..\pico-sdk\src\rp2_common\pico_standard_link\binary_info.o
 .binary_info.keep.__bi_ptr50
                0x10007df4        0x4 ..\pico-sdk\src\rp2_common\pico_standard_link\binary_info.o
 .binary_info.keep.__bi_ptr75
                0x10007df8        0x4 ..\pico-sdk\src\rp2_common\pico_standard_link\binary_info.o
 .binary_info.keep.__bi_ptr81
                0x10007dfc        0x4 ..\pico-sdk\src\rp2_common\pico_standard_link\binary_info.o
 *(.binary_info.*)
 .binary_info.__bi_ptr118
                0x10007e00        0x4 ..\pico-sdk\src\rp2_common\pico_stdio_usb\stdio_usb.o
                0x10007e04                __binary_info_end = .
                0x10007e04                . = ALIGN (0x4)
                0x10007e04                __etext = .

.ram_vector_table
                0x20000000       0xc0
 *(.ram_vector_table)
 .ram_vector_table
                0x20000000       0xc0 ..\pico-sdk\src\rp2_common\pico_runtime\library.a(runtime.o)
                0x20000000                ram_vector_table

.data           0x200000c0      0xbf8 load address 0x10007e04
                0x200000c0                __data_start__ = .
 *(vtable)
 *(.time_critical*)
 .time_critical.mutex_enter_blocking
                0x200000c0       0x48 ..\pico-sdk\src\common\pico_sync\library.a(mutex.o)
                0x200000c0                mutex_enter_blocking
 .time_critical.mutex_try_enter
                0x20000108       0x44 ..\pico-sdk\src\common\pico_sync\library.a(mutex.o)
                0x20000108                mutex_try_enter
 .time_critical.mutex_enter_timeout_ms
                0x2000014c       0xa0 ..\pico-sdk\src\common\pico_sync\library.a(mutex.o)
                0x2000014c                mutex_enter_timeout_ms
 .time_critical.mutex_exit
                0x200001ec       0x28 ..\pico-sdk\src\common\pico_sync\library.a(mutex.o)
                0x200001ec                mutex_exit
 .time_critical.flash_init_boot2_copyout
                0x20000214       0x30 ..\pico-sdk\src\rp2_common\hardware_flash\library.a(flash.o)
 .time_critical.flash_enable_xip_via_boot2
                0x20000244       0x10 ..\pico-sdk\src\rp2_common\hardware_flash\library.a(flash.o)
 .time_critical.flash_cs_force
                0x20000254       0x38 ..\pico-sdk\src\rp2_common\hardware_flash\library.a(flash.o)
 .time_critical.flash_do_cmd
                0x2000028c       0xc4 ..\pico-sdk\src\rp2_common\hardware_flash\library.a(flash.o)
                0x2000028c                flash_do_cmd
 *(.text*)
 .text          0x20000350        0x4 c:/compilers/gcc-arm-none-eabi/11.2_2022.02/bin/../lib/gcc/arm-none-eabi/11.2.1/thumb/v6-m/nofp\libgcc.a(_dvmd_tls.o)
                0x20000350                __aeabi_idiv0
                0x20000350                __aeabi_ldiv0
 *fill*         0x20000354        0x4 
 .text.__stub   0x20000358       0x30 linker stubs
                0x20000388                . = ALIGN (0x4)
 *(.rodata*)
                0x20000388                . = ALIGN (0x4)
 *(.data*)
 .data.stdio_usb
                0x20000388       0x14 ..\pico-sdk\src\rp2_common\pico_stdio_usb\stdio_usb.o
                0x20000388                stdio_usb
 .data._usbd_qdef
                0x2000039c       0x24 ..\pico-sdk\lib\tinyusb\src\device\library.a(usbd.o)
                0x2000039c                _usbd_qdef
 .data.default_alarm_pool
                0x200003c0       0x18 ..\pico-sdk\src\common\pico_time\library.a(time.o)
 .data.default_alarm_pool_heap
                0x200003d8       0x10 ..\pico-sdk\src\common\pico_time\library.a(time.o)
 .data.striped_spin_lock_num
                0x200003e8        0x1 ..\pico-sdk\src\rp2_common\hardware_sync\library.a(sync.o)
 *fill*         0x200003e9        0x3 
 .data          0x200003ec       0x48 ..\pico-sdk\src\rp2_common\hardware_irq\library.a(irq_handler_chain.o)
                0x200003ec                irq_handler_chain_slots
                0x2000041c                irq_handler_chain_first_slot
                0x20000426                irq_handler_chain_remove_tail
 .data.aeabi_mem_funcs
                0x20000434       0x10 ..\pico-sdk\src\rp2_common\pico_mem_ops\library.a(mem_ops_aeabi.o)
                0x20000434                aeabi_mem_funcs
                0x20000444                aeabi_mem_funcs_end
 .data.ep_dir_string
                0x20000444        0x8 ..\pico-sdk\lib\tinyusb\src\portable\raspberrypi\rp2040\library.a(rp2040_usb.o)
                0x20000444                ep_dir_string
 .data._impure_ptr
                0x2000044c        0x4 c:/compilers/gcc-arm-none-eabi/11.2_2022.02/bin/../lib/gcc/arm-none-eabi/11.2.1/thumb/v6-m/nofp\libc.a(lib_a-impure.o)
                0x2000044c                _impure_ptr
 *fill*         0x20000450        0x0 
 .data.impure_data
                0x20000450      0x428 c:/compilers/gcc-arm-none-eabi/11.2_2022.02/bin/../lib/gcc/arm-none-eabi/11.2.1/thumb/v6-m/nofp\libc.a(lib_a-impure.o)
 .data.__malloc_av_
                0x20000878      0x408 c:/compilers/gcc-arm-none-eabi/11.2_2022.02/bin/../lib/gcc/arm-none-eabi/11.2.1/thumb/v6-m/nofp\libc.a(lib_a-mallocr.o)
                0x20000878                __malloc_av_
 .data.__malloc_sbrk_base
                0x20000c80        0x4 c:/compilers/gcc-arm-none-eabi/11.2_2022.02/bin/../lib/gcc/arm-none-eabi/11.2.1/thumb/v6-m/nofp\libc.a(lib_a-mallocr.o)
                0x20000c80                __malloc_sbrk_base
 .data.__malloc_trim_threshold
                0x20000c84        0x4 c:/compilers/gcc-arm-none-eabi/11.2_2022.02/bin/../lib/gcc/arm-none-eabi/11.2.1/thumb/v6-m/nofp\libc.a(lib_a-mallocr.o)
                0x20000c84                __malloc_trim_threshold
                0x20000c88                . = ALIGN (0x4)
 *(.after_data.*)
                0x20000c88                . = ALIGN (0x4)
                0x20000c88                PROVIDE (__mutex_array_start = .)
 *(SORT_BY_NAME(.mutex_array.*))
 *(.mutex_array)
 .mutex_array   0x20000c88        0x8 ..\pico-sdk\src\rp2_common\pico_stdio\library.a(stdio.o)
                0x20000c90                PROVIDE (__mutex_array_end = .)
                0x20000c90                . = ALIGN (0x4)
                0x20000c90                PROVIDE (__preinit_array_start = .)
 *(SORT_BY_NAME(.preinit_array.*))
 .preinit_array.00001
                0x20000c90        0x4 ..\pico-sdk\src\rp2_common\pico_mem_ops\library.a(mem_ops_aeabi.o)
 .preinit_array.00020
                0x20000c94        0x4 ..\pico-sdk\src\rp2_common\pico_double\library.a(double_aeabi.o)
 *(.preinit_array)
                0x20000c98                PROVIDE (__preinit_array_end = .)
                0x20000c98                . = ALIGN (0x4)
                0x20000c98                PROVIDE (__init_array_start = .)
 *(SORT_BY_NAME(.init_array.*))
 *(.init_array)
 .init_array    0x20000c98        0x4 c:/compilers/gcc-arm-none-eabi/11.2_2022.02/bin/../lib/gcc/arm-none-eabi/11.2.1/thumb/v6-m/nofp/crtbegin.o
 .init_array    0x20000c9c        0x4 ..\main.o
 .init_array    0x20000ca0        0x4 ..\src\Cpl\Io\Serial\Raspberry\RP2040\Stdio\library.a(Input.o)
 .init_array    0x20000ca4        0x4 ..\src\Cpl\Io\Serial\Raspberry\RP2040\Stdio\library.a(Output.o)
 .init_array    0x20000ca8        0x4 ..\src\Cpl\Io\library.a(Input.o)
 .init_array    0x20000cac        0x4 ..\src\Cpl\Io\library.a(Output.o)
 .init_array    0x20000cb0        0x4 ..\src\Cpl\Io\Serial\Raspberry\RP2040\_0test\_hw_baremetal\library.a(test.o)
 .init_array    0x20000cb4        0x4 ..\pico-sdk\src\rp2_common\pico_unique_id\library.a(unique_id.o)
                0x20000cb8                PROVIDE (__init_array_end = .)
                0x20000cb8                . = ALIGN (0x4)
                [!provide]                PROVIDE (__fini_array_start = .)
 *(SORT_BY_NAME(.fini_array.*))
 *(.fini_array)
                [!provide]                PROVIDE (__fini_array_end = .)
 *(.jcr)
                0x20000cb8                . = ALIGN (0x4)
                0x20000cb8                __data_end__ = .

.tm_clone_table
                0x20000cb8        0x0 load address 0x100089fc
 .tm_clone_table
                0x20000cb8        0x0 c:/compilers/gcc-arm-none-eabi/11.2_2022.02/bin/../lib/gcc/arm-none-eabi/11.2.1/thumb/v6-m/nofp/crtbegin.o
 .tm_clone_table
                0x20000cb8        0x0 c:/compilers/gcc-arm-none-eabi/11.2_2022.02/bin/../lib/gcc/arm-none-eabi/11.2.1/thumb/v6-m/nofp/crtend.o

.igot.plt       0x20000cb8        0x0 load address 0x100089fc
 .igot.plt      0x20000cb8        0x0 c:/compilers/gcc-arm-none-eabi/11.2_2022.02/bin/../lib/gcc/arm-none-eabi/11.2.1/thumb/v6-m/nofp/crtbegin.o

.uninitialized_data
                0x20000cb8        0x0 load address 0x100089fc
                0x20000cb8                . = ALIGN (0x4)
 *(.uninitialized_data*)

.scratch_x      0x20040000        0x0 load address 0x100089fc
                0x20040000                __scratch_x_start__ = .
 *(.scratch_x.*)
                0x20040000                . = ALIGN (0x4)
                0x20040000                __scratch_x_end__ = .
                0x100089fc                __scratch_x_source__ = LOADADDR (.scratch_x)

.scratch_y      0x20041000        0x0 load address 0x100089fc
                0x20041000                __scratch_y_start__ = .
 *(.scratch_y.*)
                0x20041000                . = ALIGN (0x4)
                0x20041000                __scratch_y_end__ = .
                0x100089fc                __scratch_y_source__ = LOADADDR (.scratch_y)

.bss            0x20000cb8     0x1100
                0x20000cb8                . = ALIGN (0x4)
                0x20000cb8                __bss_start__ = .
 *(SORT_BY_ALIGNMENT(SORT_BY_NAME(.bss*)))
 .bss.default_alarm_pool_entries
                0x20000cb8      0x100 ..\pico-sdk\src\common\pico_time\library.a(time.o)
 .bss.last_avail_time.1
                0x20000db8        0x8 ..\pico-sdk\src\rp2_common\pico_stdio_usb\stdio_usb.o
 .bss.sd_table  0x20000dc0      0x100 ..\pico-sdk\src\rp2_common\pico_double\library.a(double_init_rom.o)
                0x20000dc0                sd_table
 .bss._ZL5infd_
                0x20000ec0       0x14 ..\main.o
 .bss._ZL6outfd_
                0x20000ed4       0x10 ..\main.o
 .bss._ZL8inbuffer
                0x20000ee4      0x401 ..\src\Cpl\Io\Serial\Raspberry\RP2040\_0test\_hw_baremetal\library.a(test.o)
 *fill*         0x200012e5        0x3 
 .bss._ZStL8__ioinit
                0x200012e8        0x1 ..\main.o
 *fill*         0x200012e9        0x3 
 .bss._ZStL8__ioinit
                0x200012ec        0x1 ..\src\Cpl\Io\Serial\Raspberry\RP2040\Stdio\library.a(Input.o)
 *fill*         0x200012ed        0x3 
 .bss._ZStL8__ioinit
                0x200012f0        0x1 ..\src\Cpl\Io\Serial\Raspberry\RP2040\Stdio\library.a(Output.o)
 *fill*         0x200012f1        0x3 
 .bss._ZStL8__ioinit
                0x200012f4        0x1 ..\src\Cpl\Io\library.a(Input.o)
 *fill*         0x200012f5        0x3 
 .bss._ZStL8__ioinit
                0x200012f8        0x1 ..\src\Cpl\Io\library.a(Output.o)
 *fill*         0x200012f9        0x3 
 .bss._ZStL8__ioinit
                0x200012fc        0x1 ..\src\Cpl\Io\Serial\Raspberry\RP2040\_0test\_hw_baremetal\library.a(test.o)
 *fill*         0x200012fd        0x3 
 .bss.__malloc_current_mallinfo
                0x20001300       0x28 c:/compilers/gcc-arm-none-eabi/11.2_2022.02/bin/../lib/gcc/arm-none-eabi/11.2.1/thumb/v6-m/nofp\libc.a(lib_a-mallocr.o)
                0x20001300                __malloc_current_mallinfo
 .bss.__malloc_top_pad
                0x20001328        0x4 c:/compilers/gcc-arm-none-eabi/11.2_2022.02/bin/../lib/gcc/arm-none-eabi/11.2.1/thumb/v6-m/nofp\libc.a(lib_a-mallocr.o)
                0x20001328                __malloc_top_pad
 .bss._app_driver
                0x2000132c        0x4 ..\pico-sdk\lib\tinyusb\src\device\library.a(usbd.o)
 .bss._cdcd_itf
                0x20001330      0x2d8 ..\pico-sdk\lib\tinyusb\src\class\cdc\library.a(cdc_device.o)
 .bss._ctrl_xfer
                0x20001608       0x14 ..\pico-sdk\lib\tinyusb\src\device\library.a(usbd_control.o)
 .bss._ubsd_mutexdef
                0x2000161c        0x8 ..\pico-sdk\lib\tinyusb\src\device\library.a(usbd.o)
 .bss._usbd_ctrl_buf
                0x20001624       0x40 ..\pico-sdk\lib\tinyusb\src\device\library.a(usbd_control.o)
 .bss._usbd_dev
                0x20001664       0x53 ..\pico-sdk\lib\tinyusb\src\device\library.a(usbd.o)
 *fill*         0x200016b7        0x1 
 .bss._usbd_mutex
                0x200016b8        0x4 ..\pico-sdk\lib\tinyusb\src\device\library.a(usbd.o)
 .bss._usbd_q   0x200016bc        0x4 ..\pico-sdk\lib\tinyusb\src\device\library.a(usbd.o)
 .bss._usbd_qdef_buf
                0x200016c0       0xc0 ..\pico-sdk\lib\tinyusb\src\device\library.a(usbd.o)
                0x200016c0                _usbd_qdef_buf
 .bss.alarm_callbacks
                0x20001780       0x10 ..\pico-sdk\src\rp2_common\hardware_timer\library.a(timer.o)
 .bss.boot2_copyout
                0x20001790      0x100 ..\pico-sdk\src\rp2_common\hardware_flash\library.a(flash.o)
 .bss.claimed   0x20001890        0x4 ..\pico-sdk\src\rp2_common\hardware_sync\library.a(sync.o)
 .bss.configured_freq
                0x20001894       0x28 ..\pico-sdk\src\rp2_common\hardware_clocks\library.a(clocks.o)
 .bss.default_alarm_pool_entry_ids_high
                0x200018bc       0x10 ..\pico-sdk\src\common\pico_time\library.a(time.o)
 .bss.default_alarm_pool_heap_nodes
                0x200018cc       0x30 ..\pico-sdk\src\common\pico_time\library.a(time.o)
 .bss.desc_str.0
                0x200018fc       0x28 ..\pico-sdk\src\rp2_common\pico_stdio_usb\stdio_usb_descriptors.o
 .bss.drivers   0x20001924        0x4 ..\pico-sdk\src\rp2_common\pico_stdio\library.a(stdio.o)
 .bss.errno     0x20001928        0x4 c:/compilers/gcc-arm-none-eabi/11.2_2022.02/bin/../lib/gcc/arm-none-eabi/11.2.1/thumb/v6-m/nofp\libc.a(lib_a-reent.o)
                0x20001928                errno
 .bss.filter    0x2000192c        0x4 ..\pico-sdk\src\rp2_common\pico_stdio\library.a(stdio.o)
 .bss.g_bspGlobalCritSec_
                0x20001930        0x8 ..\src\Bsp\Raspberry\Pico\gcc\library.a(Api.o)
                0x20001930                g_bspGlobalCritSec_
 .bss.heap_end.0
                0x20001938        0x4 ..\pico-sdk\src\rp2_common\pico_runtime\library.a(runtime.o)
 .bss.hw_endpoints
                0x2000193c      0x400 ..\pico-sdk\lib\tinyusb\src\portable\raspberrypi\rp2040\library.a(dcd_rp2040.o)
 .bss.lazy_vsnprintf
                0x20001d3c        0x4 ..\pico-sdk\src\rp2_common\pico_printf\library.a(printf.o)
 .bss.load_value
                0x20001d40        0x4 ..\pico-sdk\src\rp2_common\hardware_watchdog\library.a(watchdog.o)
 .bss.next_buffer_ptr
                0x20001d44        0x4 ..\pico-sdk\lib\tinyusb\src\portable\raspberrypi\rp2040\library.a(dcd_rp2040.o)
 .bss.object.0  0x20001d48       0x18 c:/compilers/gcc-arm-none-eabi/11.2_2022.02/bin/../lib/gcc/arm-none-eabi/11.2.1/thumb/v6-m/nofp/crtbegin.o
 .bss.pools     0x20001d60       0x10 ..\pico-sdk\src\common\pico_time\library.a(time.o)
 .bss.retrieved_id
                0x20001d70        0x8 ..\pico-sdk\src\rp2_common\pico_unique_id\library.a(unique_id.o)
 .bss.sf_clz_func
                0x20001d78        0x4 ..\pico-sdk\src\rp2_common\pico_double\library.a(double_init_rom.o)
                0x20001d78                sf_clz_func
 .bss.sleep_notifier
                0x20001d7c        0x4 ..\pico-sdk\src\common\pico_time\library.a(time.o)
 .bss.stdio_usb_mutex
                0x20001d80        0x8 ..\pico-sdk\src\rp2_common\pico_stdio_usb\stdio_usb.o
 .bss.target_hi
                0x20001d88       0x10 ..\pico-sdk\src\rp2_common\hardware_timer\library.a(timer.o)
 .bss.usbd_serial_str
                0x20001d98       0x11 ..\pico-sdk\src\rp2_common\pico_stdio_usb\stdio_usb_descriptors.o
 *fill*         0x20001da9        0x3 
 .bss.user_irq_claimed
                0x20001dac        0x2 ..\pico-sdk\src\rp2_common\hardware_irq\library.a(irq.o)
 .bss._app_driver_count
                0x20001dae        0x1 ..\pico-sdk\lib\tinyusb\src\device\library.a(usbd.o)
 .bss._usbd_initialized
                0x20001daf        0x1 ..\pico-sdk\lib\tinyusb\src\device\library.a(usbd.o)
 .bss.boot2_copyout_valid
                0x20001db0        0x1 ..\pico-sdk\src\rp2_common\hardware_flash\library.a(flash.o)
 .bss.claimed   0x20001db1        0x1 ..\pico-sdk\src\rp2_common\hardware_timer\library.a(timer.o)
 .bss.irq_hander_chain_free_slot_head
                0x20001db2        0x1 ..\pico-sdk\src\rp2_common\hardware_irq\library.a(irq.o)
 .bss.itf_num   0x20001db3        0x1 ..\pico-sdk\src\rp2_common\pico_stdio_usb\reset_interface.o
 .bss.low_priority_irq_num
                0x20001db4        0x1 ..\pico-sdk\src\rp2_common\pico_stdio_usb\stdio_usb.o
 .bss.timer_callbacks_pending
                0x20001db5        0x1 ..\pico-sdk\src\rp2_common\hardware_timer\library.a(timer.o)
 *(COMMON)
                0x20001db8                . = ALIGN (0x4)
 *fill*         0x20001db6        0x2 
                0x20001db8                __bss_end__ = .

.heap           0x20001db8      0x800
                0x20001db8                __end__ = .
                0x20001db8                end = __end__
 *(.heap*)
 .heap          0x20001db8      0x800 ..\pico-sdk\src\rp2_common\pico_standard_link\crt0.o
                0x200025b8                __HeapLimit = .

.stack1_dummy   0x20040000        0x0
 *(.stack1*)

.stack_dummy    0x20041000      0x800
 *(.stack*)
 .stack         0x20041000      0x800 ..\pico-sdk\src\rp2_common\pico_standard_link\crt0.o

.flash_end      0x100089fc        0x0
                0x100089fc                __flash_binary_end = .
                0x20040000                __StackLimit = (ORIGIN (RAM) + LENGTH (RAM))
                0x20041000                __StackOneTop = (ORIGIN (SCRATCH_X) + LENGTH (SCRATCH_X))
                0x20042000                __StackTop = (ORIGIN (SCRATCH_Y) + LENGTH (SCRATCH_Y))
                0x20041000                __StackOneBottom = (__StackOneTop - SIZEOF (.stack1_dummy))
                0x20041800                __StackBottom = (__StackTop - SIZEOF (.stack_dummy))
                0x20042000                PROVIDE (__stack = __StackTop)
                0x00000001                ASSERT ((__StackLimit >= __HeapLimit), region RAM overflowed)
                0x00000001                ASSERT (((__binary_info_header_end - __logical_binary_start) <= 0x100), Binary info must be in first 256 bytes of the binary)
LOAD C:\Users\johnt\AppData\Local\Temp\ccmp9kRk.o
START GROUP
LOAD ..\pico-sdk\src\rp2_common\pico_stdio_usb\library.a
LOAD ..\pico-sdk\lib\tinyusb\src\portable\raspberrypi\rp2040\library.a
LOAD ..\pico-sdk\src\rp2_common\pico_fix\rp2040_usb_device_enumeration\library.a
LOAD ..\pico-sdk\lib\tinyusb\src\device\library.a
LOAD ..\pico-sdk\lib\tinyusb\src\class\cdc\library.a
LOAD ..\pico-sdk\lib\tinyusb\src\class\vendor\library.a
LOAD ..\pico-sdk\lib\tinyusb\src\library.a
LOAD ..\pico-sdk\lib\tinyusb\src\common\library.a
LOAD ..\src\Cpl\Io\Serial\Raspberry\RP2040\Stdio\library.a
LOAD ..\src\Cpl\Io\library.a
LOAD ..\src\Cpl\Io\Serial\Raspberry\RP2040\_0test\_hw_baremetal\library.a
LOAD ..\src\Bsp\Raspberry\Pico\gcc\library.a
LOAD ..\pico-sdk\src\rp2_common\pico_multicore\library.a
LOAD ..\pico-sdk\src\common\pico_sync\library.a
LOAD ..\pico-sdk\src\common\pico_time\library.a
LOAD ..\pico-sdk\src\common\pico_util\library.a
LOAD ..\pico-sdk\src\rp2_common\boot_stage2\library.a
LOAD ..\pico-sdk\src\rp2_common\pico_stdlib\library.a
LOAD ..\pico-sdk\src\rp2_common\hardware_gpio\library.a
LOAD ..\pico-sdk\src\rp2_common\hardware_claim\library.a
LOAD ..\pico-sdk\src\rp2_common\pico_platform\library.a
LOAD ..\pico-sdk\src\rp2_common\hardware_sync\library.a
LOAD ..\pico-sdk\src\rp2_common\hardware_irq\library.a
LOAD ..\pico-sdk\src\rp2_common\hardware_timer\library.a
LOAD ..\pico-sdk\src\rp2_common\hardware_uart\library.a
LOAD ..\pico-sdk\src\rp2_common\hardware_divider\library.a
LOAD ..\pico-sdk\src\rp2_common\pico_runtime\library.a
LOAD ..\pico-sdk\src\rp2_common\hardware_clocks\library.a
LOAD ..\pico-sdk\src\rp2_common\hardware_pll\library.a
LOAD ..\pico-sdk\src\rp2_common\hardware_vreg\library.a
LOAD ..\pico-sdk\src\rp2_common\hardware_watchdog\library.a
LOAD ..\pico-sdk\src\rp2_common\hardware_xosc\library.a
LOAD ..\pico-sdk\src\rp2_common\hardware_flash\library.a
LOAD ..\pico-sdk\src\rp2_common\pico_printf\library.a
LOAD ..\pico-sdk\src\rp2_common\pico_bit_ops\library.a
LOAD ..\pico-sdk\src\rp2_common\pico_bootrom\library.a
LOAD ..\pico-sdk\src\rp2_common\pico_divider\library.a
LOAD ..\pico-sdk\src\rp2_common\pico_double\library.a
LOAD ..\pico-sdk\src\rp2_common\pico_int64_ops\library.a
LOAD ..\pico-sdk\src\rp2_common\pico_float\library.a
LOAD ..\pico-sdk\src\rp2_common\pico_malloc\library.a
LOAD ..\pico-sdk\src\rp2_common\pico_mem_ops\library.a
LOAD ..\pico-sdk\src\rp2_common\pico_standard_link\library.a
LOAD ..\pico-sdk\src\rp2_common\pico_stdio\library.a
LOAD ..\pico-sdk\src\rp2_common\pico_unique_id\library.a
END GROUP
START GROUP
LOAD c:/compilers/gcc-arm-none-eabi/11.2_2022.02/bin/../lib/gcc/arm-none-eabi/11.2.1/thumb/v6-m/nofp\libgcc.a
LOAD c:/compilers/gcc-arm-none-eabi/11.2_2022.02/bin/../lib/gcc/arm-none-eabi/11.2.1/thumb/v6-m/nofp\libc.a
END GROUP
START GROUP
LOAD c:/compilers/gcc-arm-none-eabi/11.2_2022.02/bin/../lib/gcc/arm-none-eabi/11.2.1/thumb/v6-m/nofp\libgcc.a
LOAD c:/compilers/gcc-arm-none-eabi/11.2_2022.02/bin/../lib/gcc/arm-none-eabi/11.2.1/thumb/v6-m/nofp\libc.a
LOAD c:/compilers/gcc-arm-none-eabi/11.2_2022.02/bin/../lib/gcc/arm-none-eabi/11.2.1/thumb/v6-m/nofp\libnosys.a
END GROUP
LOAD c:/compilers/gcc-arm-none-eabi/11.2_2022.02/bin/../lib/gcc/arm-none-eabi/11.2.1/thumb/v6-m/nofp/crtend.o
LOAD c:/compilers/gcc-arm-none-eabi/11.2_2022.02/bin/../lib/gcc/arm-none-eabi/11.2.1/thumb/v6-m/nofp/crtn.o
OUTPUT(test-stdio.elf elf32-littlearm)
LOAD linker stubs

.ARM.attributes
                0x00000000       0x28
 .ARM.attributes
                0x00000000       0x1e c:/compilers/gcc-arm-none-eabi/11.2_2022.02/bin/../lib/gcc/arm-none-eabi/11.2.1/thumb/v6-m/nofp/crti.o
 .ARM.attributes
                0x0000001e       0x2c c:/compilers/gcc-arm-none-eabi/11.2_2022.02/bin/../lib/gcc/arm-none-eabi/11.2.1/thumb/v6-m/nofp/crtbegin.o
 .ARM.attributes
                0x0000004a       0x2c ..\pico-sdk\src\rp2_common\pico_stdio_usb\reset_interface.o
 .ARM.attributes
                0x00000076       0x2c ..\pico-sdk\src\rp2_common\pico_stdio_usb\stdio_usb.o
 .ARM.attributes
                0x000000a2       0x2c ..\pico-sdk\src\rp2_common\pico_stdio_usb\stdio_usb_descriptors.o
 .ARM.attributes
                0x000000ce       0x2c ..\pico-sdk\src\rp2_common\pico_standard_link\binary_info.o
 .ARM.attributes
                0x000000fa       0x22 ..\pico-sdk\src\rp2_common\pico_standard_link\crt0.o
 .ARM.attributes
                0x0000011c       0x2c ..\pico-sdk\src\rp2_common\pico_standard_link\new_delete.o
 .ARM.attributes
                0x00000148       0x2c ..\main.o
 .ARM.attributes
                0x00000174       0x22 C:\Users\johnt\AppData\Local\Temp\ccmp9kRk.o
 .ARM.attributes
                0x00000196       0x2c ..\pico-sdk\lib\tinyusb\src\device\library.a(usbd.o)
 .ARM.attributes
                0x000001c2       0x2c ..\pico-sdk\lib\tinyusb\src\device\library.a(usbd_control.o)
 .ARM.attributes
                0x000001ee       0x2c ..\pico-sdk\lib\tinyusb\src\class\cdc\library.a(cdc_device.o)
 .ARM.attributes
                0x0000021a       0x2c ..\pico-sdk\lib\tinyusb\src\library.a(tusb.o)
 .ARM.attributes
                0x00000246       0x2c ..\pico-sdk\lib\tinyusb\src\common\library.a(tusb_fifo.o)
 .ARM.attributes
                0x00000272       0x2c ..\src\Cpl\Io\Serial\Raspberry\RP2040\Stdio\library.a(Input.o)
 .ARM.attributes
                0x0000029e       0x2c ..\src\Cpl\Io\Serial\Raspberry\RP2040\Stdio\library.a(Output.o)
 .ARM.attributes
                0x000002ca       0x2c ..\src\Cpl\Io\library.a(Input.o)
 .ARM.attributes
                0x000002f6       0x2c ..\src\Cpl\Io\library.a(Output.o)
 .ARM.attributes
                0x00000322       0x2c ..\src\Cpl\Io\Serial\Raspberry\RP2040\_0test\_hw_baremetal\library.a(test.o)
 .ARM.attributes
                0x0000034e       0x2c ..\src\Bsp\Raspberry\Pico\gcc\library.a(Api.o)
 .ARM.attributes
                0x0000037a       0x2c ..\pico-sdk\src\common\pico_sync\library.a(critical_section.o)
 .ARM.attributes
                0x000003a6       0x2c ..\pico-sdk\src\common\pico_sync\library.a(mutex.o)
 .ARM.attributes
                0x000003d2       0x2c ..\pico-sdk\src\common\pico_sync\library.a(lock_core.o)
 .ARM.attributes
                0x000003fe       0x2c ..\pico-sdk\src\common\pico_time\library.a(time.o)
 .ARM.attributes
                0x0000042a       0x2c ..\pico-sdk\src\common\pico_util\library.a(pheap.o)
 .ARM.attributes
                0x00000456       0x2c ..\pico-sdk\src\rp2_common\hardware_gpio\library.a(gpio.o)
 .ARM.attributes
                0x00000482       0x2c ..\pico-sdk\src\rp2_common\hardware_sync\library.a(sync.o)
 .ARM.attributes
                0x000004ae       0x2c ..\pico-sdk\src\rp2_common\hardware_irq\library.a(irq.o)
 .ARM.attributes
                0x000004da       0x22 ..\pico-sdk\src\rp2_common\hardware_irq\library.a(irq_handler_chain.o)
 .ARM.attributes
                0x000004fc       0x2c ..\pico-sdk\src\rp2_common\hardware_timer\library.a(timer.o)
 .ARM.attributes
                0x00000528       0x2c ..\pico-sdk\src\rp2_common\pico_runtime\library.a(runtime.o)
 .ARM.attributes
                0x00000554       0x2c ..\pico-sdk\src\rp2_common\hardware_clocks\library.a(clocks.o)
 .ARM.attributes
                0x00000580       0x2c ..\pico-sdk\src\rp2_common\hardware_pll\library.a(pll.o)
 .ARM.attributes
                0x000005ac       0x2c ..\pico-sdk\src\rp2_common\hardware_watchdog\library.a(watchdog.o)
 .ARM.attributes
                0x000005d8       0x2c ..\pico-sdk\src\rp2_common\hardware_xosc\library.a(xosc.o)
 .ARM.attributes
                0x00000604       0x2c ..\pico-sdk\src\rp2_common\pico_printf\library.a(printf.o)
 .ARM.attributes
                0x00000630       0x2c ..\pico-sdk\src\rp2_common\pico_bootrom\library.a(bootrom.o)
 .ARM.attributes
                0x0000065c       0x22 ..\pico-sdk\src\rp2_common\pico_divider\library.a(divider.o)
 .ARM.attributes
                0x0000067e       0x22 ..\pico-sdk\src\rp2_common\pico_double\library.a(double_aeabi.o)
 .ARM.attributes
                0x000006a0       0x2c ..\pico-sdk\src\rp2_common\pico_double\library.a(double_init_rom.o)
 .ARM.attributes
                0x000006cc       0x22 ..\pico-sdk\src\rp2_common\pico_double\library.a(double_v1_rom_shim.o)
 .ARM.attributes
                0x000006ee       0x22 ..\pico-sdk\src\rp2_common\pico_int64_ops\library.a(pico_int64_ops_aeabi.o)
 .ARM.attributes
                0x00000710       0x2c ..\pico-sdk\src\rp2_common\pico_malloc\library.a(pico_malloc.o)
 .ARM.attributes
                0x0000073c       0x22 ..\pico-sdk\src\rp2_common\pico_mem_ops\library.a(mem_ops_aeabi.o)
 .ARM.attributes
                0x0000075e       0x2c ..\pico-sdk\src\rp2_common\pico_stdio\library.a(stdio.o)
 .ARM.attributes
                0x0000078a       0x2c ..\pico-sdk\src\rp2_common\pico_unique_id\library.a(unique_id.o)
 .ARM.attributes
                0x000007b6       0x2c ..\pico-sdk\lib\tinyusb\src\portable\raspberrypi\rp2040\library.a(dcd_rp2040.o)
 .ARM.attributes
                0x000007e2       0x2c ..\pico-sdk\lib\tinyusb\src\portable\raspberrypi\rp2040\library.a(rp2040_usb.o)
 .ARM.attributes
                0x0000080e       0x2c ..\pico-sdk\src\rp2_common\hardware_claim\library.a(claim.o)
 .ARM.attributes
                0x0000083a       0x2c ..\pico-sdk\src\rp2_common\pico_platform\library.a(platform.o)
 .ARM.attributes
                0x00000866       0x2c ..\pico-sdk\src\rp2_common\hardware_flash\library.a(flash.o)
 .ARM.attributes
                0x00000892       0x1e c:/compilers/gcc-arm-none-eabi/11.2_2022.02/bin/../lib/gcc/arm-none-eabi/11.2.1/thumb/v6-m/nofp\libgcc.a(_dvmd_tls.o)
 .ARM.attributes
                0x000008b0       0x2c c:/compilers/gcc-arm-none-eabi/11.2_2022.02/bin/../lib/gcc/arm-none-eabi/11.2.1/thumb/v6-m/nofp\libc.a(lib_a-impure.o)
 .ARM.attributes
                0x000008dc       0x2c c:/compilers/gcc-arm-none-eabi/11.2_2022.02/bin/../lib/gcc/arm-none-eabi/11.2.1/thumb/v6-m/nofp\libc.a(lib_a-malloc.o)
 .ARM.attributes
                0x00000908       0x2c c:/compilers/gcc-arm-none-eabi/11.2_2022.02/bin/../lib/gcc/arm-none-eabi/11.2.1/thumb/v6-m/nofp\libc.a(lib_a-mallocr.o)
 .ARM.attributes
                0x00000934       0x2c c:/compilers/gcc-arm-none-eabi/11.2_2022.02/bin/../lib/gcc/arm-none-eabi/11.2.1/thumb/v6-m/nofp\libc.a(lib_a-mlock.o)
 .ARM.attributes
                0x00000960       0x2c c:/compilers/gcc-arm-none-eabi/11.2_2022.02/bin/../lib/gcc/arm-none-eabi/11.2.1/thumb/v6-m/nofp\libc.a(lib_a-sbrkr.o)
 .ARM.attributes
                0x0000098c       0x2c c:/compilers/gcc-arm-none-eabi/11.2_2022.02/bin/../lib/gcc/arm-none-eabi/11.2.1/thumb/v6-m/nofp\libc.a(lib_a-strlen-stub.o)
 .ARM.attributes
                0x000009b8       0x2c c:/compilers/gcc-arm-none-eabi/11.2_2022.02/bin/../lib/gcc/arm-none-eabi/11.2.1/thumb/v6-m/nofp\libc.a(lib_a-freer.o)
 .ARM.attributes
                0x000009e4       0x2c c:/compilers/gcc-arm-none-eabi/11.2_2022.02/bin/../lib/gcc/arm-none-eabi/11.2.1/thumb/v6-m/nofp\libc.a(lib_a-reent.o)
 .ARM.attributes
                0x00000a10       0x2c c:/compilers/gcc-arm-none-eabi/11.2_2022.02/bin/../lib/gcc/arm-none-eabi/11.2.1/thumb/v6-m/nofp/crtend.o

.comment        0x00000000       0x57
 .comment       0x00000000       0x57 c:/compilers/gcc-arm-none-eabi/11.2_2022.02/bin/../lib/gcc/arm-none-eabi/11.2.1/thumb/v6-m/nofp/crtbegin.o
                                 0x58 (size before relaxing)
 .comment       0x00000057       0x58 ..\pico-sdk\src\rp2_common\pico_stdio_usb\reset_interface.o
 .comment       0x00000057       0x58 ..\pico-sdk\src\rp2_common\pico_stdio_usb\stdio_usb.o
 .comment       0x00000057       0x58 ..\pico-sdk\src\rp2_common\pico_stdio_usb\stdio_usb_descriptors.o
 .comment       0x00000057       0x58 ..\pico-sdk\src\rp2_common\pico_standard_link\binary_info.o
 .comment       0x00000057       0x58 ..\pico-sdk\src\rp2_common\pico_standard_link\new_delete.o
 .comment       0x00000057       0x58 ..\main.o
 .comment       0x00000057       0x58 ..\pico-sdk\lib\tinyusb\src\device\library.a(usbd.o)
 .comment       0x00000057       0x58 ..\pico-sdk\lib\tinyusb\src\device\library.a(usbd_control.o)
 .comment       0x00000057       0x58 ..\pico-sdk\lib\tinyusb\src\class\cdc\library.a(cdc_device.o)
 .comment       0x00000057       0x58 ..\pico-sdk\lib\tinyusb\src\library.a(tusb.o)
 .comment       0x00000057       0x58 ..\pico-sdk\lib\tinyusb\src\common\library.a(tusb_fifo.o)
 .comment       0x00000057       0x58 ..\src\Cpl\Io\Serial\Raspberry\RP2040\Stdio\library.a(Input.o)
 .comment       0x00000057       0x58 ..\src\Cpl\Io\Serial\Raspberry\RP2040\Stdio\library.a(Output.o)
 .comment       0x00000057       0x58 ..\src\Cpl\Io\library.a(Input.o)
 .comment       0x00000057       0x58 ..\src\Cpl\Io\library.a(Output.o)
 .comment       0x00000057       0x58 ..\src\Cpl\Io\Serial\Raspberry\RP2040\_0test\_hw_baremetal\library.a(test.o)
 .comment       0x00000057       0x58 ..\src\Bsp\Raspberry\Pico\gcc\library.a(Api.o)
 .comment       0x00000057       0x58 ..\pico-sdk\src\common\pico_sync\library.a(critical_section.o)
 .comment       0x00000057       0x58 ..\pico-sdk\src\common\pico_sync\library.a(mutex.o)
 .comment       0x00000057       0x58 ..\pico-sdk\src\common\pico_sync\library.a(lock_core.o)
 .comment       0x00000057       0x58 ..\pico-sdk\src\common\pico_time\library.a(time.o)
 .comment       0x00000057       0x58 ..\pico-sdk\src\common\pico_util\library.a(pheap.o)
 .comment       0x00000057       0x58 ..\pico-sdk\src\rp2_common\hardware_gpio\library.a(gpio.o)
 .comment       0x00000057       0x58 ..\pico-sdk\src\rp2_common\hardware_sync\library.a(sync.o)
 .comment       0x00000057       0x58 ..\pico-sdk\src\rp2_common\hardware_irq\library.a(irq.o)
 .comment       0x00000057       0x58 ..\pico-sdk\src\rp2_common\hardware_timer\library.a(timer.o)
 .comment       0x00000057       0x58 ..\pico-sdk\src\rp2_common\pico_runtime\library.a(runtime.o)
 .comment       0x00000057       0x58 ..\pico-sdk\src\rp2_common\hardware_clocks\library.a(clocks.o)
 .comment       0x00000057       0x58 ..\pico-sdk\src\rp2_common\hardware_pll\library.a(pll.o)
 .comment       0x00000057       0x58 ..\pico-sdk\src\rp2_common\hardware_watchdog\library.a(watchdog.o)
 .comment       0x00000057       0x58 ..\pico-sdk\src\rp2_common\hardware_xosc\library.a(xosc.o)
 .comment       0x00000057       0x58 ..\pico-sdk\src\rp2_common\pico_printf\library.a(printf.o)
 .comment       0x00000057       0x58 ..\pico-sdk\src\rp2_common\pico_bootrom\library.a(bootrom.o)
 .comment       0x00000057       0x58 ..\pico-sdk\src\rp2_common\pico_double\library.a(double_init_rom.o)
 .comment       0x00000057       0x58 ..\pico-sdk\src\rp2_common\pico_malloc\library.a(pico_malloc.o)
 .comment       0x00000057       0x58 ..\pico-sdk\src\rp2_common\pico_stdio\library.a(stdio.o)
 .comment       0x00000057       0x58 ..\pico-sdk\src\rp2_common\pico_unique_id\library.a(unique_id.o)
 .comment       0x00000057       0x58 ..\pico-sdk\lib\tinyusb\src\portable\raspberrypi\rp2040\library.a(dcd_rp2040.o)
 .comment       0x00000057       0x58 ..\pico-sdk\lib\tinyusb\src\portable\raspberrypi\rp2040\library.a(rp2040_usb.o)
 .comment       0x00000057       0x58 ..\pico-sdk\src\rp2_common\hardware_claim\library.a(claim.o)
 .comment       0x00000057       0x58 ..\pico-sdk\src\rp2_common\pico_platform\library.a(platform.o)
 .comment       0x00000057       0x58 ..\pico-sdk\src\rp2_common\hardware_flash\library.a(flash.o)
 .comment       0x00000057       0x58 c:/compilers/gcc-arm-none-eabi/11.2_2022.02/bin/../lib/gcc/arm-none-eabi/11.2.1/thumb/v6-m/nofp\libc.a(lib_a-impure.o)
 .comment       0x00000057       0x58 c:/compilers/gcc-arm-none-eabi/11.2_2022.02/bin/../lib/gcc/arm-none-eabi/11.2.1/thumb/v6-m/nofp\libc.a(lib_a-malloc.o)
 .comment       0x00000057       0x58 c:/compilers/gcc-arm-none-eabi/11.2_2022.02/bin/../lib/gcc/arm-none-eabi/11.2.1/thumb/v6-m/nofp\libc.a(lib_a-mallocr.o)
 .comment       0x00000057       0x58 c:/compilers/gcc-arm-none-eabi/11.2_2022.02/bin/../lib/gcc/arm-none-eabi/11.2.1/thumb/v6-m/nofp\libc.a(lib_a-mlock.o)
 .comment       0x00000057       0x58 c:/compilers/gcc-arm-none-eabi/11.2_2022.02/bin/../lib/gcc/arm-none-eabi/11.2.1/thumb/v6-m/nofp\libc.a(lib_a-sbrkr.o)
 .comment       0x00000057       0x58 c:/compilers/gcc-arm-none-eabi/11.2_2022.02/bin/../lib/gcc/arm-none-eabi/11.2.1/thumb/v6-m/nofp\libc.a(lib_a-strlen-stub.o)
 .comment       0x00000057       0x58 c:/compilers/gcc-arm-none-eabi/11.2_2022.02/bin/../lib/gcc/arm-none-eabi/11.2.1/thumb/v6-m/nofp\libc.a(lib_a-freer.o)
 .comment       0x00000057       0x58 c:/compilers/gcc-arm-none-eabi/11.2_2022.02/bin/../lib/gcc/arm-none-eabi/11.2.1/thumb/v6-m/nofp\libc.a(lib_a-reent.o)
 .comment       0x00000057       0x58 c:/compilers/gcc-arm-none-eabi/11.2_2022.02/bin/../lib/gcc/arm-none-eabi/11.2.1/thumb/v6-m/nofp/crtend.o

.debug_line     0x00000000     0x1b05
 .debug_line    0x00000000       0x4a c:/compilers/gcc-arm-none-eabi/11.2_2022.02/bin/../lib/gcc/arm-none-eabi/11.2.1/thumb/v6-m/nofp\libgcc.a(_dvmd_tls.o)
 .debug_line    0x0000004a      0x15b c:/compilers/gcc-arm-none-eabi/11.2_2022.02/bin/../lib/gcc/arm-none-eabi/11.2.1/thumb/v6-m/nofp\libc.a(lib_a-impure.o)
 .debug_line    0x000001a5      0x209 c:/compilers/gcc-arm-none-eabi/11.2_2022.02/bin/../lib/gcc/arm-none-eabi/11.2.1/thumb/v6-m/nofp\libc.a(lib_a-malloc.o)
 .debug_line    0x000003ae      0x94b c:/compilers/gcc-arm-none-eabi/11.2_2022.02/bin/../lib/gcc/arm-none-eabi/11.2.1/thumb/v6-m/nofp\libc.a(lib_a-mallocr.o)
 .debug_line    0x00000cf9      0x1d2 c:/compilers/gcc-arm-none-eabi/11.2_2022.02/bin/../lib/gcc/arm-none-eabi/11.2.1/thumb/v6-m/nofp\libc.a(lib_a-mlock.o)
 .debug_line    0x00000ecb      0x217 c:/compilers/gcc-arm-none-eabi/11.2_2022.02/bin/../lib/gcc/arm-none-eabi/11.2.1/thumb/v6-m/nofp\libc.a(lib_a-sbrkr.o)
 .debug_line    0x000010e2      0x1e1 c:/compilers/gcc-arm-none-eabi/11.2_2022.02/bin/../lib/gcc/arm-none-eabi/11.2.1/thumb/v6-m/nofp\libc.a(lib_a-strlen-stub.o)
 .debug_line    0x000012c3      0x52b c:/compilers/gcc-arm-none-eabi/11.2_2022.02/bin/../lib/gcc/arm-none-eabi/11.2.1/thumb/v6-m/nofp\libc.a(lib_a-freer.o)
 .debug_line    0x000017ee      0x317 c:/compilers/gcc-arm-none-eabi/11.2_2022.02/bin/../lib/gcc/arm-none-eabi/11.2.1/thumb/v6-m/nofp\libc.a(lib_a-reent.o)

.debug_line_str
                0x00000000       0x53
 .debug_line_str
                0x00000000       0x53 c:/compilers/gcc-arm-none-eabi/11.2_2022.02/bin/../lib/gcc/arm-none-eabi/11.2.1/thumb/v6-m/nofp\libgcc.a(_dvmd_tls.o)
                                 0xa6 (size before relaxing)

.debug_info     0x00000000     0x4b6f
 .debug_info    0x00000000       0x24 c:/compilers/gcc-arm-none-eabi/11.2_2022.02/bin/../lib/gcc/arm-none-eabi/11.2.1/thumb/v6-m/nofp\libgcc.a(_dvmd_tls.o)
 .debug_info    0x00000024      0x8be c:/compilers/gcc-arm-none-eabi/11.2_2022.02/bin/../lib/gcc/arm-none-eabi/11.2.1/thumb/v6-m/nofp\libc.a(lib_a-impure.o)
 .debug_info    0x000008e2      0x942 c:/compilers/gcc-arm-none-eabi/11.2_2022.02/bin/../lib/gcc/arm-none-eabi/11.2.1/thumb/v6-m/nofp\libc.a(lib_a-malloc.o)
 .debug_info    0x00001224      0xe44 c:/compilers/gcc-arm-none-eabi/11.2_2022.02/bin/../lib/gcc/arm-none-eabi/11.2.1/thumb/v6-m/nofp\libc.a(lib_a-mallocr.o)
 .debug_info    0x00002068      0x8d4 c:/compilers/gcc-arm-none-eabi/11.2_2022.02/bin/../lib/gcc/arm-none-eabi/11.2.1/thumb/v6-m/nofp\libc.a(lib_a-mlock.o)
 .debug_info    0x0000293c      0x92a c:/compilers/gcc-arm-none-eabi/11.2_2022.02/bin/../lib/gcc/arm-none-eabi/11.2.1/thumb/v6-m/nofp\libc.a(lib_a-sbrkr.o)
 .debug_info    0x00003266       0xeb c:/compilers/gcc-arm-none-eabi/11.2_2022.02/bin/../lib/gcc/arm-none-eabi/11.2.1/thumb/v6-m/nofp\libc.a(lib_a-strlen-stub.o)